Archive member included to satisfy reference by file (symbol)

C:/ST/STM32CubeIDE_1.19.0/STM32CubeIDE/plugins/com.st.stm32cube.ide.mcu.externaltools.gnu-tools-for-stm32.13.3.rel1.win32_1.0.0.202411081344/tools/bin/../lib/gcc/arm-none-eabi/13.3.1/../../../../arm-none-eabi/lib/thumb/v7-m/nofp\libc_nano.a(libc_a-exit.o)
                              C:/ST/STM32CubeIDE_1.19.0/STM32CubeIDE/plugins/com.st.stm32cube.ide.mcu.externaltools.gnu-tools-for-stm32.13.3.rel1.win32_1.0.0.202411081344/tools/bin/../lib/gcc/arm-none-eabi/13.3.1/../../../../arm-none-eabi/lib/thumb/v7-m/nofp/crt0.o (exit)
C:/ST/STM32CubeIDE_1.19.0/STM32CubeIDE/plugins/com.st.stm32cube.ide.mcu.externaltools.gnu-tools-for-stm32.13.3.rel1.win32_1.0.0.202411081344/tools/bin/../lib/gcc/arm-none-eabi/13.3.1/../../../../arm-none-eabi/lib/thumb/v7-m/nofp\libc_nano.a(libc_a-findfp.o)
                              ./Middlewares/FreeRTOS/tasks.o (__sf)
C:/ST/STM32CubeIDE_1.19.0/STM32CubeIDE/plugins/com.st.stm32cube.ide.mcu.externaltools.gnu-tools-for-stm32.13.3.rel1.win32_1.0.0.202411081344/tools/bin/../lib/gcc/arm-none-eabi/13.3.1/../../../../arm-none-eabi/lib/thumb/v7-m/nofp\libc_nano.a(libc_a-fwalk.o)
                              C:/ST/STM32CubeIDE_1.19.0/STM32CubeIDE/plugins/com.st.stm32cube.ide.mcu.externaltools.gnu-tools-for-stm32.13.3.rel1.win32_1.0.0.202411081344/tools/bin/../lib/gcc/arm-none-eabi/13.3.1/../../../../arm-none-eabi/lib/thumb/v7-m/nofp\libc_nano.a(libc_a-findfp.o) (_fwalk_sglue)
C:/ST/STM32CubeIDE_1.19.0/STM32CubeIDE/plugins/com.st.stm32cube.ide.mcu.externaltools.gnu-tools-for-stm32.13.3.rel1.win32_1.0.0.202411081344/tools/bin/../lib/gcc/arm-none-eabi/13.3.1/../../../../arm-none-eabi/lib/thumb/v7-m/nofp\libc_nano.a(libc_a-puts.o)
                              ./Core/Src/BQ76930.o (puts)
C:/ST/STM32CubeIDE_1.19.0/STM32CubeIDE/plugins/com.st.stm32cube.ide.mcu.externaltools.gnu-tools-for-stm32.13.3.rel1.win32_1.0.0.202411081344/tools/bin/../lib/gcc/arm-none-eabi/13.3.1/../../../../arm-none-eabi/lib/thumb/v7-m/nofp\libc_nano.a(libc_a-sprintf.o)
                              ./Core/Src/BQ76930.o (sprintf)
C:/ST/STM32CubeIDE_1.19.0/STM32CubeIDE/plugins/com.st.stm32cube.ide.mcu.externaltools.gnu-tools-for-stm32.13.3.rel1.win32_1.0.0.202411081344/tools/bin/../lib/gcc/arm-none-eabi/13.3.1/../../../../arm-none-eabi/lib/thumb/v7-m/nofp\libc_nano.a(libc_a-stdio.o)
                              C:/ST/STM32CubeIDE_1.19.0/STM32CubeIDE/plugins/com.st.stm32cube.ide.mcu.externaltools.gnu-tools-for-stm32.13.3.rel1.win32_1.0.0.202411081344/tools/bin/../lib/gcc/arm-none-eabi/13.3.1/../../../../arm-none-eabi/lib/thumb/v7-m/nofp\libc_nano.a(libc_a-findfp.o) (__sread)
C:/ST/STM32CubeIDE_1.19.0/STM32CubeIDE/plugins/com.st.stm32cube.ide.mcu.externaltools.gnu-tools-for-stm32.13.3.rel1.win32_1.0.0.202411081344/tools/bin/../lib/gcc/arm-none-eabi/13.3.1/../../../../arm-none-eabi/lib/thumb/v7-m/nofp\libc_nano.a(libc_a-wbuf.o)
                              C:/ST/STM32CubeIDE_1.19.0/STM32CubeIDE/plugins/com.st.stm32cube.ide.mcu.externaltools.gnu-tools-for-stm32.13.3.rel1.win32_1.0.0.202411081344/tools/bin/../lib/gcc/arm-none-eabi/13.3.1/../../../../arm-none-eabi/lib/thumb/v7-m/nofp\libc_nano.a(libc_a-puts.o) (__swbuf_r)
C:/ST/STM32CubeIDE_1.19.0/STM32CubeIDE/plugins/com.st.stm32cube.ide.mcu.externaltools.gnu-tools-for-stm32.13.3.rel1.win32_1.0.0.202411081344/tools/bin/../lib/gcc/arm-none-eabi/13.3.1/../../../../arm-none-eabi/lib/thumb/v7-m/nofp\libc_nano.a(libc_a-wsetup.o)
                              C:/ST/STM32CubeIDE_1.19.0/STM32CubeIDE/plugins/com.st.stm32cube.ide.mcu.externaltools.gnu-tools-for-stm32.13.3.rel1.win32_1.0.0.202411081344/tools/bin/../lib/gcc/arm-none-eabi/13.3.1/../../../../arm-none-eabi/lib/thumb/v7-m/nofp\libc_nano.a(libc_a-puts.o) (__swsetup_r)
C:/ST/STM32CubeIDE_1.19.0/STM32CubeIDE/plugins/com.st.stm32cube.ide.mcu.externaltools.gnu-tools-for-stm32.13.3.rel1.win32_1.0.0.202411081344/tools/bin/../lib/gcc/arm-none-eabi/13.3.1/../../../../arm-none-eabi/lib/thumb/v7-m/nofp\libc_nano.a(libc_a-memset.o)
                              C:/ST/STM32CubeIDE_1.19.0/STM32CubeIDE/plugins/com.st.stm32cube.ide.mcu.externaltools.gnu-tools-for-stm32.13.3.rel1.win32_1.0.0.202411081344/tools/bin/../lib/gcc/arm-none-eabi/13.3.1/../../../../arm-none-eabi/lib/thumb/v7-m/nofp/crt0.o (memset)
C:/ST/STM32CubeIDE_1.19.0/STM32CubeIDE/plugins/com.st.stm32cube.ide.mcu.externaltools.gnu-tools-for-stm32.13.3.rel1.win32_1.0.0.202411081344/tools/bin/../lib/gcc/arm-none-eabi/13.3.1/../../../../arm-none-eabi/lib/thumb/v7-m/nofp\libc_nano.a(libc_a-closer.o)
                              C:/ST/STM32CubeIDE_1.19.0/STM32CubeIDE/plugins/com.st.stm32cube.ide.mcu.externaltools.gnu-tools-for-stm32.13.3.rel1.win32_1.0.0.202411081344/tools/bin/../lib/gcc/arm-none-eabi/13.3.1/../../../../arm-none-eabi/lib/thumb/v7-m/nofp\libc_nano.a(libc_a-stdio.o) (_close_r)
[...]
Memory Configuration

Name             Origin             Length             Attributes
RAM              0x20000000         0x00005000         xrw
FLASH            0x08000000         0x00010000         xr
*default*        0x00000000         0xffffffff

Linker script and memory map

LOAD C:/ST/STM32CubeIDE_1.19.0/STM32CubeIDE/plugins/com.st.stm32cube.ide.mcu.externaltools.gnu-tools-for-stm32.13.3.rel1.win32_1.0.0.202411081344/tools/bin/../lib/gcc/arm-none-eabi/13.3.1/thumb/v7-m/nofp/crti.o
LOAD C:/ST/STM32CubeIDE_1.19.0/STM32CubeIDE/plugins/com.st.stm32cube.ide.mcu.externaltools.gnu-tools-for-stm32.13.3.rel1.win32_1.0.0.202411081344/tools/bin/../lib/gcc/arm-none-eabi/13.3.1/thumb/v7-m/nofp/crtbegin.o
LOAD C:/ST/STM32CubeIDE_1.19.0/STM32CubeIDE/plugins/com.st.stm32cube.ide.mcu.externaltools.gnu-tools-for-stm32.13.3.rel1.win32_1.0.0.202411081344/tools/bin/../lib/gcc/arm-none-eabi/13.3.1/../../../../arm-none-eabi/lib/thumb/v7-m/nofp/crt0.o
LOAD ./Core/Src/BQ76930.o
LOAD ./Core/Src/freertos.o
LOAD ./Core/Src/gpio.o
LOAD ./Core/Src/i2c.o
LOAD ./Core/Src/main.o
LOAD ./Core/Src/stm32f1xx_hal_msp.o
LOAD ./Core/Src/stm32f1xx_hal_timebase_tim.o
LOAD ./Core/Src/stm32f1xx_it.o
LOAD ./Core/Src/syscalls.o
LOAD ./Core/Src/sysmem.o
LOAD ./Core/Src/system_stm32f1xx.o
LOAD ./Core/Src/usart.o
LOAD ./Core/Startup/startup_stm32f103c8tx.o
LOAD ./Drivers/STM32F1xx_HAL_Driver/stm32f1xx_hal.o
LOAD ./Drivers/STM32F1xx_HAL_Driver/stm32f1xx_hal_cortex.o
LOAD ./Drivers/STM32F1xx_HAL_Driver/stm32f1xx_hal_dma.o
LOAD ./Drivers/STM32F1xx_HAL_Driver/stm32f1xx_hal_exti.o
LOAD ./Drivers/STM32F1xx_HAL_Driver/stm32f1xx_hal_flash.o
LOAD ./Drivers/STM32F1xx_HAL_Driver/stm32f1xx_hal_flash_ex.o
LOAD ./Drivers/STM32F1xx_HAL_Driver/stm32f1xx_hal_gpio.o
LOAD ./Drivers/STM32F1xx_HAL_Driver/stm32f1xx_hal_gpio_ex.o
LOAD ./Drivers/STM32F1xx_HAL_Driver/stm32f1xx_hal_i2c.o
LOAD ./Drivers/STM32F1xx_HAL_Driver/stm32f1xx_hal_pwr.o
LOAD ./Drivers/STM32F1xx_HAL_Driver/stm32f1xx_hal_rcc.o
LOAD ./Drivers/STM32F1xx_HAL_Driver/stm32f1xx_hal_rcc_ex.o
LOAD ./Drivers/STM32F1xx_HAL_Driver/stm32f1xx_hal_tim.o
LOAD ./Drivers/STM32F1xx_HAL_Driver/stm32f1xx_hal_tim_ex.o
LOAD ./Drivers/STM32F1xx_HAL_Driver/stm32f1xx_hal_uart.o
LOAD ./Middlewares/FreeRTOS/cmsis_os2.o
LOAD ./Middlewares/FreeRTOS/croutine.o
LOAD ./Middlewares/FreeRTOS/event_groups.o
LOAD ./Middlewares/FreeRTOS/heap_4.o
LOAD ./Middlewares/FreeRTOS/list.o
LOAD ./Middlewares/FreeRTOS/port.o
LOAD ./Middlewares/FreeRTOS/queue.o
LOAD ./Middlewares/FreeRTOS/stream_buffer.o
LOAD ./Middlewares/FreeRTOS/tasks.o
LOAD ./Middlewares/FreeRTOS/timers.o
START GROUP
LOAD C:/ST/STM32CubeIDE_1.19.0/STM32CubeIDE/plugins/com.st.stm32cube.ide.mcu.externaltools.gnu-tools-for-stm32.13.3.rel1.win32_1.0.0.202411081344/tools/bin/../lib/gcc/arm-none-eabi/13.3.1/../../../../arm-none-eabi/lib/thumb/v7-m/nofp\libc_nano.a
LOAD C:/ST/STM32CubeIDE_1.19.0/STM32CubeIDE/plugins/com.st.stm32cube.ide.mcu.externaltools.gnu-tools-for-stm32.13.3.rel1.win32_1.0.0.202411081344/tools/bin/../lib/gcc/arm-none-eabi/13.3.1/../../../../arm-none-eabi/lib/thumb/v7-m/nofp\libm.a
END GROUP
START GROUP
LOAD C:/ST/STM32CubeIDE_1.19.0/STM32CubeIDE/plugins/com.st.stm32cube.ide.mcu.externaltools.gnu-tools-for-stm32.13.3.rel1.win32_1.0.0.202411081344/tools/bin/../lib/gcc/arm-none-eabi/13.3.1/thumb/v7-m/nofp\libgcc.a
LOAD C:/ST/STM32CubeIDE_1.19.0/STM32CubeIDE/plugins/com.st.stm32cube.ide.mcu.externaltools.gnu-tools-for-stm32.13.3.rel1.win32_1.0.0.202411081344/tools/bin/../lib/gcc/arm-none-eabi/13.3.1/../../../../arm-none-eabi/lib/thumb/v7-m/nofp\libc_nano.a
END GROUP
START GROUP
LOAD C:/ST/STM32CubeIDE_1.19.0/STM32CubeIDE/plugins/com.st.stm32cube.ide.mcu.externaltools.gnu-tools-for-stm32.13.3.rel1.win32_1.0.0.202411081344/tools/bin/../lib/gcc/arm-none-eabi/13.3.1/thumb/v7-m/nofp\libgcc.a
LOAD C:/ST/STM32CubeIDE_1.19.0/STM32CubeIDE/plugins/com.st.stm32cube.ide.mcu.externaltools.gnu-tools-for-stm32.13.3.rel1.win32_1.0.0.202411081344/tools/bin/../lib/gcc/arm-none-eabi/13.3.1/../../../../arm-none-eabi/lib/thumb/v7-m/nofp\libc_nano.a
LOAD C:/ST/STM32CubeIDE_1.19.0/STM32CubeIDE/plugins/com.st.stm32cube.ide.mcu.externaltools.gnu-tools-for-stm32.13.3.rel1.win32_1.0.0.202411081344/tools/bin/../lib/gcc/arm-none-eabi/13.3.1/../../../../arm-none-eabi/lib/thumb/v7-m/nofp\libnosys.a
END GROUP
START GROUP
LOAD C:/ST/STM32CubeIDE_1.19.0/STM32CubeIDE/plugins/com.st.stm32cube.ide.mcu.externaltools.gnu-tools-for-stm32.13.3.rel1.win32_1.0.0.202411081344/tools/bin/../lib/gcc/arm-none-eabi/13.3.1/thumb/v7-m/nofp\libgcc.a
LOAD C:/ST/STM32CubeIDE_1.19.0/STM32CubeIDE/plugins/com.st.stm32cube.ide.mcu.externaltools.gnu-tools-for-stm32.13.3.rel1.win32_1.0.0.202411081344/tools/bin/../lib/gcc/arm-none-eabi/13.3.1/../../../../arm-none-eabi/lib/thumb/v7-m/nofp\libc_nano.a
LOAD C:/ST/STM32CubeIDE_1.19.0/STM32CubeIDE/plugins/com.st.stm32cube.ide.mcu.externaltools.gnu-tools-for-stm32.13.3.rel1.win32_1.0.0.202411081344/tools/bin/../lib/gcc/arm-none-eabi/13.3.1/../../../../arm-none-eabi/lib/thumb/v7-m/nofp\libnosys.a
END GROUP
LOAD C:/ST/STM32CubeIDE_1.19.0/STM32CubeIDE/plugins/com.st.stm32cube.ide.mcu.externaltools.gnu-tools-for-stm32.13.3.rel1.win32_1.0.0.202411081344/tools/bin/../lib/gcc/arm-none-eabi/13.3.1/thumb/v7-m/nofp/crtend.o
LOAD C:/ST/STM32CubeIDE_1.19.0/STM32CubeIDE/plugins/com.st.stm32cube.ide.mcu.externaltools.gnu-tools-for-stm32.13.3.rel1.win32_1.0.0.202411081344/tools/bin/../lib/gcc/arm-none-eabi/13.3.1/thumb/v7-m/nofp/crtn.o
                0x20005000                        _estack = (ORIGIN (RAM) + LENGTH (RAM))
                0x00000200                        _Min_Heap_Size = 0x200
                0x00000400                        _Min_Stack_Size = 0x400

.isr_vector     0x08000000      0x10c
                0x08000000                        . = ALIGN (0x4)
 *(.isr_vector)
 .isr_vector    0x08000000      0x10c ./Core/Startup/startup_stm32f103c8tx.o
                0x08000000                g_pfnVectors
                0x0800010c                        . = ALIGN (0x4)

.text           0x08000110     0x6ec4
                0x08000110                        . = ALIGN (0x4)
 *(.text)
 .text          0x08000110       0x40 C:/ST/STM32CubeIDE_1.19.0/STM32CubeIDE/plugins/com.st.stm32cube.ide.mcu.externaltools.gnu-tools-for-stm32.13.3.rel1.win32_1.0.0.202411081344/tools/bin/../lib/gcc/arm-none-eabi/13.3.1/thumb/v7-m/nofp/crtbegin.o
 .text          0x08000150      0x378 C:/ST/STM32CubeIDE_1.19.0/STM32CubeIDE/plugins/com.st.stm32cube.ide.mcu.externaltools.gnu-tools-for-stm32.13.3.rel1.win32_1.0.0.202411081344/tools/bin/../lib/gcc/arm-none-eabi/13.3.1/thumb/v7-m/nofp\libgcc.a(_arm_addsubdf3.o)
                0x08000150                __aeabi_drsub
                0x08000158                __aeabi_dsub
                0x08000158                __subdf3
                0x0800015c                __aeabi_dadd
                0x0800015c                __adddf3
                0x080003d4                __floatunsidf
                0x080003d4                __aeabi_ui2d
                0x080003f4                __floatsidf
                0x080003f4                __aeabi_i2d
                0x08000418                __aeabi_f2d
                0x08000418                __extendsfdf2
                0x0800045c                __floatundidf
                0x0800045c                __aeabi_ul2d
                0x0800046c                __floatdidf
                0x0800046c                __aeabi_l2d
 .text          0x080004c8      0x424 C:/ST/STM32CubeIDE_1.19.0/STM32CubeIDE/plugins/com.st.stm32cube.ide.mcu.externaltools.gnu-tools-for-stm32.13.3.rel1.win32_1.0.0.202411081344/tools/bin/../lib/gcc/arm-none-eabi/13.3.1/thumb/v7-m/nofp\libgcc.a(_arm_muldivdf3.o)
                0x080004c8                __aeabi_dmul
                0x080004c8                __muldf3
                0x0800071c                __divdf3
                0x0800071c                __aeabi_ddiv
 .text          0x080008ec      0x110 C:/ST/STM32CubeIDE_1.19.0/STM32CubeIDE/plugins/com.st.stm32cube.ide.mcu.externaltools.gnu-tools-for-stm32.13.3.rel1.win32_1.0.0.202411081344/tools/bin/../lib/gcc/arm-none-eabi/13.3.1/thumb/v7-m/nofp\libgcc.a(_arm_cmpdf2.o)
                0x080008ec                __gtdf2
                0x080008ec                __gedf2
                0x080008f4                __ltdf2
                0x080008f4                __ledf2
                0x080008fc                __nedf2
                0x080008fc                __eqdf2
                0x080008fc                __cmpdf2
                0x08000978                __aeabi_cdrcmple
                0x08000988                __aeabi_cdcmpeq
                0x08000988                __aeabi_cdcmple
                0x08000998                __aeabi_dcmpeq
                0x080009ac                __aeabi_dcmplt
                0x080009c0                __aeabi_dcmple
                0x080009d4                __aeabi_dcmpge
                0x080009e8                __aeabi_dcmpgt
 .text          0x080009fc       0x2c C:/ST/STM32CubeIDE_1.19.0/STM32CubeIDE/plugins/com.st.stm32cube.ide.mcu.externaltools.gnu-tools-for-stm32.13.3.rel1.win32_1.0.0.202411081344/tools/bin/../lib/gcc/arm-none-eabi/13.3.1/thumb/v7-m/nofp\libgcc.a(_arm_unorddf2.o)
                0x080009fc                __unorddf2
                0x080009fc                __aeabi_dcmpun
 .text          0x08000a28       0x40 C:/ST/STM32CubeIDE_1.19.0/STM32CubeIDE/plugins/com.st.stm32cube.ide.mcu.externaltools.gnu-tools-for-stm32.13.3.rel1.win32_1.0.0.202411081344/tools/bin/../lib/gcc/arm-none-eabi/13.3.1/thumb/v7-m/nofp\libgcc.a(_arm_fixunsdfsi.o)
                0x08000a28                __aeabi_d2uiz
                0x08000a28                __fixunsdfsi
 .text          0x08000a68       0xa0 C:/ST/STM32CubeIDE_1.19.0/STM32CubeIDE/plugins/com.st.stm32cube.ide.mcu.externaltools.gnu-tools-for-stm32.13.3.rel1.win32_1.0.0.202411081344/tools/bin/../lib/gcc/arm-none-eabi/13.3.1/thumb/v7-m/nofp\libgcc.a(_arm_truncdfsf2.o)
                0x08000a68                __truncdfsf2
                0x08000a68                __aeabi_d2f
 .text          0x08000b08      0x21c C:/ST/STM32CubeIDE_1.19.0/STM32CubeIDE/plugins/com.st.stm32cube.ide.mcu.externaltools.gnu-tools-for-stm32.13.3.rel1.win32_1.0.0.202411081344/tools/bin/../lib/gcc/arm-none-eabi/13.3.1/thumb/v7-m/nofp\libgcc.a(_arm_addsubsf3.o)
                0x08000b08                __aeabi_frsub
                0x08000b10                __subsf3
                0x08000b10                __aeabi_fsub
                0x08000b14                __aeabi_fadd
                0x08000b14                __addsf3
                0x08000c74                __aeabi_ui2f
                0x08000c74                __floatunsisf
                0x08000c7c                __aeabi_i2f
                0x08000c7c                __floatsisf
                0x08000c98                __aeabi_ul2f
                0x08000c98                __floatundisf
                0x08000ca8                __aeabi_l2f
                0x08000ca8                __floatdisf
 .text          0x08000d24      0x2a0 C:/ST/STM32CubeIDE_1.19.0/STM32CubeIDE/plugins/com.st.stm32cube.ide.mcu.externaltools.gnu-tools-for-stm32.13.3.rel1.win32_1.0.0.202411081344/tools/bin/../lib/gcc/arm-none-eabi/13.3.1/thumb/v7-m/nofp\libgcc.a(_arm_muldivsf3.o)
                0x08000d24                __mulsf3
                0x08000d24                __aeabi_fmul
                0x08000e8c                __aeabi_fdiv
                0x08000e8c                __divsf3
 .text          0x08000fc4       0xec C:/ST/STM32CubeIDE_1.19.0/STM32CubeIDE/plugins/com.st.stm32cube.ide.mcu.externaltools.gnu-tools-for-stm32.13.3.rel1.win32_1.0.0.202411081344/tools/bin/../lib/gcc/arm-none-eabi/13.3.1/thumb/v7-m/nofp\libgcc.a(_arm_cmpsf2.o)
                0x08000fc4                __gesf2
                0x08000fc4                __gtsf2
                0x08000fcc                __lesf2
                0x08000fcc                __ltsf2
                0x08000fd4                __nesf2
                0x08000fd4                __eqsf2
                0x08000fd4                __cmpsf2
                0x08001034                __aeabi_cfrcmple
                0x0800103c                __aeabi_cfcmpeq
                0x0800103c                __aeabi_cfcmple
                0x0800104c                __aeabi_fcmpeq
                0x08001060                __aeabi_fcmplt
                0x08001074                __aeabi_fcmple
                0x08001088                __aeabi_fcmpge
                0x0800109c                __aeabi_fcmpgt
 .text          0x080010b0       0x4c C:/ST/STM32CubeIDE_1.19.0/STM32CubeIDE/plugins/com.st.stm32cube.ide.mcu.externaltools.gnu-tools-for-stm32.13.3.rel1.win32_1.0.0.202411081344/tools/bin/../lib/gcc/arm-none-eabi/13.3.1/thumb/v7-m/nofp\libgcc.a(_arm_fixsfsi.o)
                0x080010b0                __aeabi_f2iz
                0x080010b0                __fixsfsi
 *(.text*)
 .text.UART_SendString
                0x080010fc       0x1c ./Core/Src/BQ76930.o
 .text.Get_offset
                0x08001118       0x60 ./Core/Src/BQ76930.o
                0x08001118                Get_offset
 .text.WAKE_ALL_DEVICE
                0x08001178       0x2c ./Core/Src/BQ76930.o
                0x08001178                WAKE_ALL_DEVICE
 .text.Get_Battery1
                0x080011a4       0x6c ./Core/Src/BQ76930.o
                0x080011a4                Get_Battery1
 .text.Get_Battery2
                0x08001210       0x6c ./Core/Src/BQ76930.o
                0x08001210                Get_Battery2
 .text.Get_Battery5
                0x0800127c       0x6c ./Core/Src/BQ76930.o
                0x0800127c                Get_Battery5
 .text.Get_Battery6
                0x080012e8       0x6c ./Core/Src/BQ76930.o
                0x080012e8                Get_Battery6
 .text.Get_Battery7
                0x08001354       0x6c ./Core/Src/BQ76930.o
                0x08001354                Get_Battery7
 .text.Get_Battery10
                0x080013c0       0x6c ./Core/Src/BQ76930.o
                0x080013c0                Get_Battery10
 .text.Get_Battery11
                0x0800142c       0x6c ./Core/Src/BQ76930.o
                0x0800142c                Get_Battery11
 .text.Get_Battery12
                0x08001498       0x6c ./Core/Src/BQ76930.o
                0x08001498                Get_Battery12
 .text.Get_Battery15
                0x08001504       0x6c ./Core/Src/BQ76930.o
                0x08001504                Get_Battery15
 .text.Get_Update_ALL_Data
                0x08001570       0x54 ./Core/Src/BQ76930.o
                0x08001570                Get_Update_ALL_Data
 .text.Get_SOC  0x080015c4      0x138 ./Core/Src/BQ76930.o
                0x080015c4                Get_SOC
 .text.OV_UV_1_PROTECT
                0x080016fc       0x68 ./Core/Src/BQ76930.o
                0x080016fc                OV_UV_1_PROTECT
 .text.OCD_SCD_PROTECT
                0x08001764       0x16 ./Core/Src/BQ76930.o
                0x08001764                OCD_SCD_PROTECT
 *fill*         0x0800177a        0x2 
 .text.BQ_1_config
                0x0800177c       0x2c ./Core/Src/BQ76930.o
                0x0800177c                BQ_1_config
 .text.Battery1_Balance
                0x080017a8        0x8 ./Core/Src/BQ76930.o
                0x080017a8                Battery1_Balance
 .text.Battery2_Balance
                0x080017b0        0x8 ./Core/Src/BQ76930.o
                0x080017b0                Battery2_Balance
 .text.Battery5_Balance
                0x080017b8        0x8 ./Core/Src/BQ76930.o
                0x080017b8                Battery5_Balance
 .text.Battery6_Balance
                0x080017c0        0x8 ./Core/Src/BQ76930.o
                0x080017c0                Battery6_Balance
 .text.Battery7_Balance
                0x080017c8        0x8 ./Core/Src/BQ76930.o
                0x080017c8                Battery7_Balance
 .text.Battery10_Balance
                0x080017d0        0x8 ./Core/Src/BQ76930.o
                0x080017d0                Battery10_Balance
 .text.Battery11_Balance
                0x080017d8        0x8 ./Core/Src/BQ76930.o
                0x080017d8                Battery11_Balance
 .text.Battery12_Balance
                0x080017e0        0x8 ./Core/Src/BQ76930.o
                0x080017e0                Battery12_Balance
 .text.Battery15_Balance
                0x080017e8        0x8 ./Core/Src/BQ76930.o
                0x080017e8                Battery15_Balance
 .text.Stop_Balance
                0x080017f0       0x1e ./Core/Src/BQ76930.o
                0x080017f0                Stop_Balance
 *fill*         0x0800180e        0x2 
 .text.Get_BQ_Current
                0x08001810       0x80 ./Core/Src/BQ76930.o
                0x08001810                Get_BQ_Current
 .text.Get_BQ1_2_Temp
                0x08001890       0xe0 ./Core/Src/BQ76930.o
                0x08001890                Get_BQ1_2_Temp
 .text.BMS_STA  0x08001970       0x48 ./Core/Src/BQ76930.o
                0x08001970                BMS_STA
 .text.Only_Close_CHG
                0x080019b8       0x20 ./Core/Src/BQ76930.o
                0x080019b8                Only_Close_CHG
 .text.Only_Close_DSG
                0x080019d8       0x20 ./Core/Src/BQ76930.o
                0x080019d8                Only_Close_DSG
 .text.Open_DSG_CHG
                0x080019f8        0x8 ./Core/Src/BQ76930.o
                0x080019f8                Open_DSG_CHG
 .text.Close_DSG_CHG
                0x08001a00        0x8 ./Core/Src/BQ76930.o
                0x08001a00                Close_DSG_CHG
 .text.Update_val_usart
                0x08001a08      0x104 ./Core/Src/BQ76930.o
                0x08001a08                Update_val_usart
 .text.ALERT_1_Recognition
                0x08001b0c       0x7c ./Core/Src/BQ76930.o
                0x08001b0c                ALERT_1_Recognition
 .text.StartSampleTask
                0x08001b88       0x98 ./Core/Src/freertos.o
                0x08001b88                StartSampleTask
 .text.StartCommTask
                0x08001c20       0x40 ./Core/Src/freertos.o
                0x08001c20                StartCommTask
 .text.StartbalanceTask
                0x08001c60       0xf0 ./Core/Src/freertos.o
                0x08001c60                StartbalanceTask
 .text.StartprotectTask
                0x08001d50      0x28c ./Core/Src/freertos.o
                0x08001d50                StartprotectTask
 .text.MX_FREERTOS_Init
                0x08001fdc      0x120 ./Core/Src/freertos.o
                0x08001fdc                MX_FREERTOS_Init
 .text.MX_GPIO_Init
                0x080020fc       0x7c ./Core/Src/gpio.o
                0x080020fc                MX_GPIO_Init
 .text.MX_I2C1_Init
                0x08002178       0x3c ./Core/Src/i2c.o
                0x08002178                MX_I2C1_Init
 .text.HAL_I2C_MspInit
                0x080021b4       0x78 ./Core/Src/i2c.o
                0x080021b4                HAL_I2C_MspInit
 .text.I2C_ReadByte
                0x0800222c       0x24 ./Core/Src/i2c.o
                0x0800222c                I2C_ReadByte
 .text.BQ76940_WriteByte_CRC
                0x08002250       0x68 ./Core/Src/i2c.o
                0x08002250                BQ76940_WriteByte_CRC
 .text.SystemClock_Config
                0x080022b8       0x5e ./Core/Src/main.o
                0x080022b8                SystemClock_Config
 .text.startup.main
                0x08002316       0x24 ./Core/Src/main.o
                0x08002316                main
 *fill*         0x0800233a        0x2 
 .text.HAL_TIM_PeriodElapsedCallback
                0x0800233c       0x14 ./Core/Src/main.o
                0x0800233c                HAL_TIM_PeriodElapsedCallback
 .text.Error_Handler
                0x08002350        0x4 ./Core/Src/main.o
                0x08002350                Error_Handler
 .text.HAL_MspInit
                0x08002354       0x50 ./Core/Src/stm32f1xx_hal_msp.o
                0x08002354                HAL_MspInit
 .text.HAL_InitTick
                0x080023a4       0x90 ./Core/Src/stm32f1xx_hal_timebase_tim.o
                0x080023a4                HAL_InitTick
 .text.NMI_Handler
                0x08002434        0x2 ./Core/Src/stm32f1xx_it.o
                0x08002434                NMI_Handler
 .text.HardFault_Handler
                0x08002436        0x2 ./Core/Src/stm32f1xx_it.o
                0x08002436                HardFault_Handler
 .text.MemManage_Handler
                0x08002438        0x2 ./Core/Src/stm32f1xx_it.o
                0x08002438                MemManage_Handler
 .text.BusFault_Handler
                0x0800243a        0x2 ./Core/Src/stm32f1xx_it.o
                0x0800243a                BusFault_Handler
 .text.UsageFault_Handler
                0x0800243c        0x2 ./Core/Src/stm32f1xx_it.o
                0x0800243c                UsageFault_Handler
 .text.DebugMon_Handler
                0x0800243e        0x2 ./Core/Src/stm32f1xx_it.o
                0x0800243e                DebugMon_Handler
 .text.TIM1_UP_IRQHandler
                0x08002440        0xc ./Core/Src/stm32f1xx_it.o
                0x08002440                TIM1_UP_IRQHandler
 .text._read    0x0800244c       0x1c ./Core/Src/syscalls.o
                0x0800244c                _read
 .text._write   0x08002468       0x1c ./Core/Src/syscalls.o
                0x08002468                _write
 .text._close   0x08002484        0x6 ./Core/Src/syscalls.o
                0x08002484                _close
 .text._fstat   0x0800248a        0xa ./Core/Src/syscalls.o
                0x0800248a                _fstat
 .text._isatty  0x08002494        0x4 ./Core/Src/syscalls.o
                0x08002494                _isatty
 .text._lseek   0x08002498        0x4 ./Core/Src/syscalls.o
                0x08002498                _lseek
 .text._sbrk    0x0800249c       0x40 ./Core/Src/sysmem.o
                0x0800249c                _sbrk
 .text.SystemInit
                0x080024dc        0x2 ./Core/Src/system_stm32f1xx.o
                0x080024dc                SystemInit
 *fill*         0x080024de        0x2 
 .text.MX_USART1_UART_Init
                0x080024e0       0x38 ./Core/Src/usart.o
                0x080024e0                MX_USART1_UART_Init
 .text.HAL_UART_MspInit
                0x08002518       0x78 ./Core/Src/usart.o
                0x08002518                HAL_UART_MspInit
 .text.USART_SendData
                0x08002590       0x28 ./Core/Src/usart.o
                0x08002590                USART_SendData
 .text.Reset_Handler
                0x080025b8       0x48 ./Core/Startup/startup_stm32f103c8tx.o
                0x080025b8                Reset_Handler
 .text.Default_Handler
                0x08002600        0x2 ./Core/Startup/startup_stm32f103c8tx.o
                0x08002600                RTC_Alarm_IRQHandler
                0x08002600                EXTI2_IRQHandler
                0x08002600                TIM1_CC_IRQHandler
                0x08002600                PVD_IRQHandler
                0x08002600                EXTI3_IRQHandler
                0x08002600                EXTI0_IRQHandler
                0x08002600                I2C2_EV_IRQHandler
                0x08002600                ADC1_2_IRQHandler
                0x08002600                SPI1_IRQHandler
                0x08002600                TAMPER_IRQHandler
                0x08002600                DMA1_Channel4_IRQHandler
                0x08002600                USART3_IRQHandler
                0x08002600                RTC_IRQHandler
                0x08002600                DMA1_Channel7_IRQHandler
                0x08002600                CAN1_RX1_IRQHandler
                0x08002600                TIM4_IRQHandler
                0x08002600                I2C1_EV_IRQHandler
                0x08002600                DMA1_Channel6_IRQHandler
                0x08002600                TIM3_IRQHandler
                0x08002600                RCC_IRQHandler
                0x08002600                TIM1_TRG_COM_IRQHandler
                0x08002600                DMA1_Channel1_IRQHandler
                0x08002600                Default_Handler
                0x08002600                EXTI15_10_IRQHandler
                0x08002600                EXTI9_5_IRQHandler
                0x08002600                SPI2_IRQHandler
                0x08002600                DMA1_Channel5_IRQHandler
                0x08002600                EXTI4_IRQHandler
                0x08002600                USB_LP_CAN1_RX0_IRQHandler
                0x08002600                USB_HP_CAN1_TX_IRQHandler
                0x08002600                DMA1_Channel3_IRQHandler
                0x08002600                WWDG_IRQHandler
                0x08002600                TIM2_IRQHandler
                0x08002600                TIM1_BRK_IRQHandler
                0x08002600                EXTI1_IRQHandler
                0x08002600                USART2_IRQHandler
                0x08002600                I2C2_ER_IRQHandler
                0x08002600                DMA1_Channel2_IRQHandler
                0x08002600                CAN1_SCE_IRQHandler
                0x08002600                FLASH_IRQHandler
                0x08002600                USART1_IRQHandler
                0x08002600                I2C1_ER_IRQHandler
                0x08002600                USBWakeUp_IRQHandler
 *fill*         0x08002602        0x2 
 .text.HAL_Init
                0x08002604       0x24 ./Drivers/STM32F1xx_HAL_Driver/stm32f1xx_hal.o
                0x08002604                HAL_Init
 .text.HAL_IncTick
                0x08002628       0x18 ./Drivers/STM32F1xx_HAL_Driver/stm32f1xx_hal.o
                0x08002628                HAL_IncTick
 .text.HAL_GetTick
                0x08002640        0xc ./Drivers/STM32F1xx_HAL_Driver/stm32f1xx_hal.o
                0x08002640                HAL_GetTick
 .text.HAL_Delay
                0x0800264c       0x24 ./Drivers/STM32F1xx_HAL_Driver/stm32f1xx_hal.o
                0x0800264c                HAL_Delay
 .text.HAL_NVIC_SetPriorityGrouping
                0x08002670       0x24 ./Drivers/STM32F1xx_HAL_Driver/stm32f1xx_hal_cortex.o
                0x08002670                HAL_NVIC_SetPriorityGrouping
 .text.HAL_NVIC_SetPriority
                0x08002694       0x60 ./Drivers/STM32F1xx_HAL_Driver/stm32f1xx_hal_cortex.o
                0x08002694                HAL_NVIC_SetPriority
 .text.HAL_NVIC_EnableIRQ
                0x080026f4       0x1c ./Drivers/STM32F1xx_HAL_Driver/stm32f1xx_hal_cortex.o
                0x080026f4                HAL_NVIC_EnableIRQ
 .text.HAL_GPIO_Init
                0x08002710      0x1a8 ./Drivers/STM32F1xx_HAL_Driver/stm32f1xx_hal_gpio.o
                0x08002710                HAL_GPIO_Init
 .text.HAL_GPIO_WritePin
                0x080028b8        0xa ./Drivers/STM32F1xx_HAL_Driver/stm32f1xx_hal_gpio.o
                0x080028b8                HAL_GPIO_WritePin
 .text.I2C_IsAcknowledgeFailed
                0x080028c2       0x32 ./Drivers/STM32F1xx_HAL_Driver/stm32f1xx_hal_i2c.o
 .text.I2C_WaitOnFlagUntilTimeout
                0x080028f4       0x80 ./Drivers/STM32F1xx_HAL_Driver/stm32f1xx_hal_i2c.o
 .text.I2C_WaitOnMasterAddressFlagUntilTimeout
                0x08002974       0x84 ./Drivers/STM32F1xx_HAL_Driver/stm32f1xx_hal_i2c.o
 .text.I2C_WaitOnTXEFlagUntilTimeout
                0x080029f8       0x54 ./Drivers/STM32F1xx_HAL_Driver/stm32f1xx_hal_i2c.o
 .text.I2C_RequestMemoryRead
                0x08002a4c      0x108 ./Drivers/STM32F1xx_HAL_Driver/stm32f1xx_hal_i2c.o
 .text.I2C_WaitOnBTFFlagUntilTimeout
                0x08002b54       0x54 ./Drivers/STM32F1xx_HAL_Driver/stm32f1xx_hal_i2c.o
 .text.I2C_WaitOnRXNEFlagUntilTimeout
                0x08002ba8       0x66 ./Drivers/STM32F1xx_HAL_Driver/stm32f1xx_hal_i2c.o
 *fill*         0x08002c0e        0x2 
 .text.HAL_I2C_Init
                0x08002c10      0x150 ./Drivers/STM32F1xx_HAL_Driver/stm32f1xx_hal_i2c.o
                0x08002c10                HAL_I2C_Init
 .text.HAL_I2C_Master_Transmit
                0x08002d60      0x1b4 ./Drivers/STM32F1xx_HAL_Driver/stm32f1xx_hal_i2c.o
                0x08002d60                HAL_I2C_Master_Transmit
 .text.HAL_I2C_Mem_Read
                0x08002f14      0x288 ./Drivers/STM32F1xx_HAL_Driver/stm32f1xx_hal_i2c.o
                0x08002f14                HAL_I2C_Mem_Read
 .text.HAL_RCC_OscConfig
                0x0800319c      0x338 ./Drivers/STM32F1xx_HAL_Driver/stm32f1xx_hal_rcc.o
                0x0800319c                HAL_RCC_OscConfig
 .text.HAL_RCC_GetSysClockFreq
                0x080034d4       0x4c ./Drivers/STM32F1xx_HAL_Driver/stm32f1xx_hal_rcc.o
                0x080034d4                HAL_RCC_GetSysClockFreq
 .text.HAL_RCC_ClockConfig
                0x08003520      0x138 ./Drivers/STM32F1xx_HAL_Driver/stm32f1xx_hal_rcc.o
                0x08003520                HAL_RCC_ClockConfig
 .text.HAL_RCC_GetPCLK1Freq
                0x08003658       0x20 ./Drivers/STM32F1xx_HAL_Driver/stm32f1xx_hal_rcc.o
                0x08003658                HAL_RCC_GetPCLK1Freq
 .text.HAL_RCC_GetPCLK2Freq
                0x08003678       0x20 ./Drivers/STM32F1xx_HAL_Driver/stm32f1xx_hal_rcc.o
                0x08003678                HAL_RCC_GetPCLK2Freq
 .text.HAL_RCC_GetClockConfig
                0x08003698       0x3c ./Drivers/STM32F1xx_HAL_Driver/stm32f1xx_hal_rcc.o
                0x08003698                HAL_RCC_GetClockConfig
 .text.HAL_TIM_Base_MspInit
                0x080036d4        0x2 ./Drivers/STM32F1xx_HAL_Driver/stm32f1xx_hal_tim.o
                0x080036d4                HAL_TIM_Base_MspInit
 *fill*         0x080036d6        0x2 
 .text.HAL_TIM_Base_Start_IT
                0x080036d8       0x54 ./Drivers/STM32F1xx_HAL_Driver/stm32f1xx_hal_tim.o
                0x080036d8                HAL_TIM_Base_Start_IT
 .text.HAL_TIM_OC_DelayElapsedCallback
                0x0800372c        0x2 ./Drivers/STM32F1xx_HAL_Driver/stm32f1xx_hal_tim.o
                0x0800372c                HAL_TIM_OC_DelayElapsedCallback
 .text.HAL_TIM_IC_CaptureCallback
                0x0800372e        0x2 ./Drivers/STM32F1xx_HAL_Driver/stm32f1xx_hal_tim.o
                0x0800372e                HAL_TIM_IC_CaptureCallback
 .text.HAL_TIM_PWM_PulseFinishedCallback
                0x08003730        0x2 ./Drivers/STM32F1xx_HAL_Driver/stm32f1xx_hal_tim.o
                0x08003730                HAL_TIM_PWM_PulseFinishedCallback
 .text.HAL_TIM_TriggerCallback
                0x08003732        0x2 ./Drivers/STM32F1xx_HAL_Driver/stm32f1xx_hal_tim.o
                0x08003732                HAL_TIM_TriggerCallback
 .text.HAL_TIM_IRQHandler
                0x08003734      0x128 ./Drivers/STM32F1xx_HAL_Driver/stm32f1xx_hal_tim.o
                0x08003734                HAL_TIM_IRQHandler
 .text.TIM_Base_SetConfig
                0x0800385c       0x64 ./Drivers/STM32F1xx_HAL_Driver/stm32f1xx_hal_tim.o
                0x0800385c                TIM_Base_SetConfig
 .text.HAL_TIM_Base_Init
                0x080038c0       0x58 ./Drivers/STM32F1xx_HAL_Driver/stm32f1xx_hal_tim.o
                0x080038c0                HAL_TIM_Base_Init
 .text.HAL_TIMEx_CommutCallback
                0x08003918        0x2 ./Drivers/STM32F1xx_HAL_Driver/stm32f1xx_hal_tim_ex.o
                0x08003918                HAL_TIMEx_CommutCallback
 .text.HAL_TIMEx_BreakCallback
                0x0800391a        0x2 ./Drivers/STM32F1xx_HAL_Driver/stm32f1xx_hal_tim_ex.o
                0x0800391a                HAL_TIMEx_BreakCallback
 .text.UART_EndRxTransfer
                0x0800391c       0x5c ./Drivers/STM32F1xx_HAL_Driver/stm32f1xx_hal_uart.o
 .text.UART_SetConfig
                0x08003978       0x74 ./Drivers/STM32F1xx_HAL_Driver/stm32f1xx_hal_uart.o
 .text.UART_WaitOnFlagUntilTimeout.constprop.0
                0x080039ec       0x64 ./Drivers/STM32F1xx_HAL_Driver/stm32f1xx_hal_uart.o
 .text.HAL_UART_Init
                0x08003a50       0x5e ./Drivers/STM32F1xx_HAL_Driver/stm32f1xx_hal_uart.o
                0x08003a50                HAL_UART_Init
 .text.HAL_UART_Transmit
                0x08003aae       0x9c ./Drivers/STM32F1xx_HAL_Driver/stm32f1xx_hal_uart.o
                0x08003aae                HAL_UART_Transmit
 .text.SysTick_Handler
                0x08003b4a       0x1a ./Middlewares/FreeRTOS/cmsis_os2.o
                0x08003b4a                SysTick_Handler
 .text.osKernelInitialize
                0x08003b64       0x24 ./Middlewares/FreeRTOS/cmsis_os2.o
                0x08003b64                osKernelInitialize
 .text.osKernelStart
                0x08003b88       0x34 ./Middlewares/FreeRTOS/cmsis_os2.o
                0x08003b88                osKernelStart
 .text.osThreadNew
                0x08003bbc       0x88 ./Middlewares/FreeRTOS/cmsis_os2.o
                0x08003bbc                osThreadNew
 .text.osDelay  0x08003c44       0x18 ./Middlewares/FreeRTOS/cmsis_os2.o
                0x08003c44                osDelay
 .text.osMutexNew
                0x08003c5c       0x70 ./Middlewares/FreeRTOS/cmsis_os2.o
                0x08003c5c                osMutexNew
 .text.osMutexAcquire
                0x08003ccc       0x46 ./Middlewares/FreeRTOS/cmsis_os2.o
                0x08003ccc                osMutexAcquire
 .text.osMutexRelease
                0x08003d12       0x3e ./Middlewares/FreeRTOS/cmsis_os2.o
                0x08003d12                osMutexRelease
 .text.vApplicationGetIdleTaskMemory
                0x08003d50       0x18 ./Middlewares/FreeRTOS/cmsis_os2.o
                0x08003d50                vApplicationGetIdleTaskMemory
 .text.vApplicationGetTimerTaskMemory
                0x08003d68       0x18 ./Middlewares/FreeRTOS/cmsis_os2.o
                0x08003d68                vApplicationGetTimerTaskMemory
 .text.prvInsertBlockIntoFreeList
                0x08003d80       0x4c ./Middlewares/FreeRTOS/heap_4.o
 .text.pvPortMalloc
                0x08003dcc      0x130 ./Middlewares/FreeRTOS/heap_4.o
                0x08003dcc                pvPortMalloc
 .text.vPortFree
                0x08003efc       0x7c ./Middlewares/FreeRTOS/heap_4.o
                0x08003efc                vPortFree
 .text.vListInitialise
                0x08003f78       0x16 ./Middlewares/FreeRTOS/list.o
                0x08003f78                vListInitialise
 .text.vListInitialiseItem
                0x08003f8e        0x6 ./Middlewares/FreeRTOS/list.o
                0x08003f8e                vListInitialiseItem
 .text.vListInsertEnd
                0x08003f94       0x16 ./Middlewares/FreeRTOS/list.o
                0x08003f94                vListInsertEnd
 .text.vListInsert
                0x08003faa       0x2e ./Middlewares/FreeRTOS/list.o
                0x08003faa                vListInsert
 .text.uxListRemove
                0x08003fd8       0x20 ./Middlewares/FreeRTOS/list.o
                0x08003fd8                uxListRemove
 .text.prvPortStartFirstTask
                0x08003ff8       0x20 ./Middlewares/FreeRTOS/port.o
 .text.prvTaskExitError
                0x08004018       0x40 ./Middlewares/FreeRTOS/port.o
 .text.pxPortInitialiseStack
                0x08004058       0x24 ./Middlewares/FreeRTOS/port.o
                0x08004058                pxPortInitialiseStack
 *fill*         0x0800407c        0x4 
 .text.SVC_Handler
                0x08004080       0x24 ./Middlewares/FreeRTOS/port.o
                0x08004080                SVC_Handler
 .text.vPortEnterCritical
                0x080040a4       0x40 ./Middlewares/FreeRTOS/port.o
                0x080040a4                vPortEnterCritical
 .text.vPortExitCritical
                0x080040e4       0x28 ./Middlewares/FreeRTOS/port.o
                0x080040e4                vPortExitCritical
 *fill*         0x0800410c        0x4 
 .text.PendSV_Handler
                0x08004110       0x44 ./Middlewares/FreeRTOS/port.o
                0x08004110                PendSV_Handler
 .text.xPortSysTickHandler
                0x08004154       0x2c ./Middlewares/FreeRTOS/port.o
                0x08004154                xPortSysTickHandler
 .text.vPortSetupTimerInterrupt
                0x08004180       0x24 ./Middlewares/FreeRTOS/port.o
                0x08004180                vPortSetupTimerInterrupt
 .text.xPortStartScheduler
                0x080041a4       0xb0 ./Middlewares/FreeRTOS/port.o
                0x080041a4                xPortStartScheduler
 .text.vPortValidateInterruptPriority
                0x08004254       0x5c ./Middlewares/FreeRTOS/port.o
                0x08004254                vPortValidateInterruptPriority
 .text.prvIsQueueEmpty
                0x080042b0       0x16 ./Middlewares/FreeRTOS/queue.o
 .text.prvCopyDataToQueue
                0x080042c6       0x66 ./Middlewares/FreeRTOS/queue.o
 .text.prvCopyDataFromQueue
                0x0800432c       0x28 ./Middlewares/FreeRTOS/queue.o
 .text.prvUnlockQueue
                0x08004354       0x6c ./Middlewares/FreeRTOS/queue.o
 .text.xQueueGenericReset
                0x080043c0       0x7e ./Middlewares/FreeRTOS/queue.o
                0x080043c0                xQueueGenericReset
 .text.xQueueGenericCreateStatic
                0x0800443e       0x9c ./Middlewares/FreeRTOS/queue.o
                0x0800443e                xQueueGenericCreateStatic
 .text.xQueueGenericSend
                0x080044da      0x164 ./Middlewares/FreeRTOS/queue.o
                0x080044da                xQueueGenericSend
 .text.xQueueCreateMutexStatic
                0x0800463e       0x2a ./Middlewares/FreeRTOS/queue.o
                0x0800463e                xQueueCreateMutexStatic
 .text.xQueueGiveMutexRecursive
                0x08004668       0x3e ./Middlewares/FreeRTOS/queue.o
                0x08004668                xQueueGiveMutexRecursive
 .text.xQueueCreateMutex
                0x080046a6       0x3a ./Middlewares/FreeRTOS/queue.o
                0x080046a6                xQueueCreateMutex
 .text.xQueueGenericSendFromISR
                0x080046e0       0xba ./Middlewares/FreeRTOS/queue.o
                0x080046e0                xQueueGenericSendFromISR
 .text.xQueueReceive
                0x0800479a      0x13c ./Middlewares/FreeRTOS/queue.o
                0x0800479a                xQueueReceive
 .text.xQueueSemaphoreTake
                0x080048d6      0x17a ./Middlewares/FreeRTOS/queue.o
                0x080048d6                xQueueSemaphoreTake
 .text.xQueueTakeMutexRecursive
                0x08004a50       0x42 ./Middlewares/FreeRTOS/queue.o
                0x08004a50                xQueueTakeMutexRecursive
 *fill*         0x08004a92        0x2 
 .text.vQueueAddToRegistry
                0x08004a94       0x24 ./Middlewares/FreeRTOS/queue.o
                0x08004a94                vQueueAddToRegistry
 .text.vQueueWaitForMessageRestricted
                0x08004ab8       0x46 ./Middlewares/FreeRTOS/queue.o
                0x08004ab8                vQueueWaitForMessageRestricted
 *fill*         0x08004afe        0x2 
 .text.prvAddNewTaskToReadyList
                0x08004b00      0x100 ./Middlewares/FreeRTOS/tasks.o
 .text.prvAddCurrentTaskToDelayedList
                0x08004c00       0x70 ./Middlewares/FreeRTOS/tasks.o
 .text.prvResetNextTaskUnblockTime
                0x08004c70       0x24 ./Middlewares/FreeRTOS/tasks.o
 .text.prvDeleteTCB
                0x08004c94       0x3c ./Middlewares/FreeRTOS/tasks.o
 .text.prvIdleTask
                0x08004cd0       0x60 ./Middlewares/FreeRTOS/tasks.o
 .text.prvInitialiseNewTask.constprop.0
                0x08004d30       0xb8 ./Middlewares/FreeRTOS/tasks.o
 .text.xTaskCreateStatic
                0x08004de8       0x70 ./Middlewares/FreeRTOS/tasks.o
                0x08004de8                xTaskCreateStatic
 .text.xTaskCreate
                0x08004e58       0x5c ./Middlewares/FreeRTOS/tasks.o
                0x08004e58                xTaskCreate
 .text.vTaskStartScheduler
                0x08004eb4       0xa0 ./Middlewares/FreeRTOS/tasks.o
                0x08004eb4                vTaskStartScheduler
 .text.vTaskSuspendAll
                0x08004f54       0x10 ./Middlewares/FreeRTOS/tasks.o
                0x08004f54                vTaskSuspendAll
 .text.xTaskGetTickCount
                0x08004f64        0xc ./Middlewares/FreeRTOS/tasks.o
                0x08004f64                xTaskGetTickCount
 .text.xTaskIncrementTick
                0x08004f70      0x130 ./Middlewares/FreeRTOS/tasks.o
                0x08004f70                xTaskIncrementTick
 .text.xTaskResumeAll
                0x080050a0       0xe8 ./Middlewares/FreeRTOS/tasks.o
                0x080050a0                xTaskResumeAll
 .text.vTaskDelay
                0x08005188       0x48 ./Middlewares/FreeRTOS/tasks.o
                0x08005188                vTaskDelay
 .text.vTaskSwitchContext
                0x080051d0       0x84 ./Middlewares/FreeRTOS/tasks.o
                0x080051d0                vTaskSwitchContext
 .text.vTaskPlaceOnEventList
                0x08005254       0x34 ./Middlewares/FreeRTOS/tasks.o
                0x08005254                vTaskPlaceOnEventList
 .text.vTaskPlaceOnEventListRestricted
                0x08005288       0x40 ./Middlewares/FreeRTOS/tasks.o
                0x08005288                vTaskPlaceOnEventListRestricted
 .text.xTaskRemoveFromEventList
                0x080052c8       0x80 ./Middlewares/FreeRTOS/tasks.o
                0x080052c8                xTaskRemoveFromEventList
 .text.vTaskInternalSetTimeOutState
                0x08005348       0x18 ./Middlewares/FreeRTOS/tasks.o
                0x08005348                vTaskInternalSetTimeOutState
 .text.xTaskCheckForTimeOut
                0x08005360       0x78 ./Middlewares/FreeRTOS/tasks.o
                0x08005360                xTaskCheckForTimeOut
 .text.vTaskMissedYield
                0x080053d8        0xc ./Middlewares/FreeRTOS/tasks.o
                0x080053d8                vTaskMissedYield
 .text.xTaskGetCurrentTaskHandle
                0x080053e4        0xc ./Middlewares/FreeRTOS/tasks.o
                0x080053e4                xTaskGetCurrentTaskHandle
 .text.xTaskGetSchedulerState
                0x080053f0       0x20 ./Middlewares/FreeRTOS/tasks.o
                0x080053f0                xTaskGetSchedulerState
 .text.xTaskPriorityInherit
                0x08005410       0x7c ./Middlewares/FreeRTOS/tasks.o
                0x08005410                xTaskPriorityInherit
 .text.xTaskPriorityDisinherit
                0x0800548c       0x84 ./Middlewares/FreeRTOS/tasks.o
                0x0800548c                xTaskPriorityDisinherit
 .text.vTaskPriorityDisinheritAfterTimeout
                0x08005510       0x9c ./Middlewares/FreeRTOS/tasks.o
                0x08005510                vTaskPriorityDisinheritAfterTimeout
 .text.pvTaskIncrementMutexHeldCount
                0x080055ac       0x18 ./Middlewares/FreeRTOS/tasks.o
                0x080055ac                pvTaskIncrementMutexHeldCount
 .text.ulTaskNotifyTake
                0x080055c4       0x6c ./Middlewares/FreeRTOS/tasks.o
                0x080055c4                ulTaskNotifyTake
 .text.xTaskGenericNotify
                0x08005630       0xf0 ./Middlewares/FreeRTOS/tasks.o
                0x08005630                xTaskGenericNotify
 .text.prvInsertTimerInActiveList
                0x08005720       0x3c ./Middlewares/FreeRTOS/timers.o
 .text.prvCheckForValidListAndQueue
                0x0800575c       0x68 ./Middlewares/FreeRTOS/timers.o
 .text.xTimerCreateTimerTask
                0x080057c4       0x64 ./Middlewares/FreeRTOS/timers.o
                0x080057c4                xTimerCreateTimerTask
 .text.xTimerGenericCommand
                0x08005828       0x58 ./Middlewares/FreeRTOS/timers.o
                0x08005828                xTimerGenericCommand
 .text.prvSampleTimeNow
                0x08005880       0xa4 ./Middlewares/FreeRTOS/timers.o
 .text.prvTimerTask
                0x08005924      0x1cc ./Middlewares/FreeRTOS/timers.o
 .text.std      0x08005af0       0x6c C:/ST/STM32CubeIDE_1.19.0/STM32CubeIDE/plugins/com.st.stm32cube.ide.mcu.externaltools.gnu-tools-for-stm32.13.3.rel1.win32_1.0.0.202411081344/tools/bin/../lib/gcc/arm-none-eabi/13.3.1/../../../../arm-none-eabi/lib/thumb/v7-m/nofp\libc_nano.a(libc_a-findfp.o)
 .text.stdio_exit_handler
                0x08005b5c       0x18 C:/ST/STM32CubeIDE_1.19.0/STM32CubeIDE/plugins/com.st.stm32cube.ide.mcu.externaltools.gnu-tools-for-stm32.13.3.rel1.win32_1.0.0.202411081344/tools/bin/../lib/gcc/arm-none-eabi/13.3.1/../../../../arm-none-eabi/lib/thumb/v7-m/nofp\libc_nano.a(libc_a-findfp.o)
 .text.cleanup_stdio
                0x08005b74       0x40 C:/ST/STM32CubeIDE_1.19.0/STM32CubeIDE/plugins/com.st.stm32cube.ide.mcu.externaltools.gnu-tools-for-stm32.13.3.rel1.win32_1.0.0.202411081344/tools/bin/../lib/gcc/arm-none-eabi/13.3.1/../../../../arm-none-eabi/lib/thumb/v7-m/nofp\libc_nano.a(libc_a-findfp.o)
 .text.global_stdio_init.part.0
                0x08005bb4       0x3c C:/ST/STM32CubeIDE_1.19.0/STM32CubeIDE/plugins/com.st.stm32cube.ide.mcu.externaltools.gnu-tools-for-stm32.13.3.rel1.win32_1.0.0.202411081344/tools/bin/../lib/gcc/arm-none-eabi/13.3.1/../../../../arm-none-eabi/lib/thumb/v7-m/nofp\libc_nano.a(libc_a-findfp.o)
 .text.__sfp_lock_acquire
                0x08005bf0        0xc C:/ST/STM32CubeIDE_1.19.0/STM32CubeIDE/plugins/com.st.stm32cube.ide.mcu.externaltools.gnu-tools-for-stm32.13.3.rel1.win32_1.0.0.202411081344/tools/bin/../lib/gcc/arm-none-eabi/13.3.1/../../../../arm-none-eabi/lib/thumb/v7-m/nofp\libc_nano.a(libc_a-findfp.o)
                0x08005bf0                __sfp_lock_acquire
 .text.__sfp_lock_release
                0x08005bfc        0xc C:/ST/STM32CubeIDE_1.19.0/STM32CubeIDE/plugins/com.st.stm32cube.ide.mcu.externaltools.gnu-tools-for-stm32.13.3.rel1.win32_1.0.0.202411081344/tools/bin/../lib/gcc/arm-none-eabi/13.3.1/../../../../arm-none-eabi/lib/thumb/v7-m/nofp\libc_nano.a(libc_a-findfp.o)
                0x08005bfc                __sfp_lock_release
 .text.__sinit  0x08005c08       0x30 C:/ST/STM32CubeIDE_1.19.0/STM32CubeIDE/plugins/com.st.stm32cube.ide.mcu.externaltools.gnu-tools-for-stm32.13.3.rel1.win32_1.0.0.202411081344/tools/bin/../lib/gcc/arm-none-eabi/13.3.1/../../../../arm-none-eabi/lib/thumb/v7-m/nofp\libc_nano.a(libc_a-findfp.o)
                0x08005c08                __sinit
 .text._fwalk_sglue
                0x08005c38       0x3c C:/ST/STM32CubeIDE_1.19.0/STM32CubeIDE/plugins/com.st.stm32cube.ide.mcu.externaltools.gnu-tools-for-stm32.13.3.rel1.win32_1.0.0.202411081344/tools/bin/../lib/gcc/arm-none-eabi/13.3.1/../../../../arm-none-eabi/lib/thumb/v7-m/nofp\libc_nano.a(libc_a-fwalk.o)
                0x08005c38                _fwalk_sglue
 .text._puts_r  0x08005c74       0xaa C:/ST/STM32CubeIDE_1.19.0/STM32CubeIDE/plugins/com.st.stm32cube.ide.mcu.externaltools.gnu-tools-for-stm32.13.3.rel1.win32_1.0.0.202411081344/tools/bin/../lib/gcc/arm-none-eabi/13.3.1/../../../../arm-none-eabi/lib/thumb/v7-m/nofp\libc_nano.a(libc_a-puts.o)
                0x08005c74                _puts_r
 *fill*         0x08005d1e        0x2 
 .text.puts     0x08005d20       0x10 C:/ST/STM32CubeIDE_1.19.0/STM32CubeIDE/plugins/com.st.stm32cube.ide.mcu.externaltools.gnu-tools-for-stm32.13.3.rel1.win32_1.0.0.202411081344/tools/bin/../lib/gcc/arm-none-eabi/13.3.1/../../../../arm-none-eabi/lib/thumb/v7-m/nofp\libc_nano.a(libc_a-puts.o)
                0x08005d20                puts
 .text.sprintf  0x08005d30       0x44 C:/ST/STM32CubeIDE_1.19.0/STM32CubeIDE/plugins/com.st.stm32cube.ide.mcu.externaltools.gnu-tools-for-stm32.13.3.rel1.win32_1.0.0.202411081344/tools/bin/../lib/gcc/arm-none-eabi/13.3.1/../../../../arm-none-eabi/lib/thumb/v7-m/nofp\libc_nano.a(libc_a-sprintf.o)
                0x08005d30                siprintf
                0x08005d30                sprintf
 .text.__sread  0x08005d74       0x22 C:/ST/STM32CubeIDE_1.19.0/STM32CubeIDE/plugins/com.st.stm32cube.ide.mcu.externaltools.gnu-tools-for-stm32.13.3.rel1.win32_1.0.0.202411081344/tools/bin/../lib/gcc/arm-none-eabi/13.3.1/../../../../arm-none-eabi/lib/thumb/v7-m/nofp\libc_nano.a(libc_a-stdio.o)
                0x08005d74                __sread
 .text.__swrite
                0x08005d96       0x38 C:/ST/STM32CubeIDE_1.19.0/STM32CubeIDE/plugins/com.st.stm32cube.ide.mcu.externaltools.gnu-tools-for-stm32.13.3.rel1.win32_1.0.0.202411081344/tools/bin/../lib/gcc/arm-none-eabi/13.3.1/../../../../arm-none-eabi/lib/thumb/v7-m/nofp\libc_nano.a(libc_a-stdio.o)
                0x08005d96                __swrite
 .text.__sseek  0x08005dce       0x24 C:/ST/STM32CubeIDE_1.19.0/STM32CubeIDE/plugins/com.st.stm32cube.ide.mcu.externaltools.gnu-tools-for-stm32.13.3.rel1.win32_1.0.0.202411081344/tools/bin/../lib/gcc/arm-none-eabi/13.3.1/../../../../arm-none-eabi/lib/thumb/v7-m/nofp\libc_nano.a(libc_a-stdio.o)
                0x08005dce                __sseek
 .text.__sclose
                0x08005df2        0x8 C:/ST/STM32CubeIDE_1.19.0/STM32CubeIDE/plugins/com.st.stm32cube.ide.mcu.externaltools.gnu-tools-for-stm32.13.3.rel1.win32_1.0.0.202411081344/tools/bin/../lib/gcc/arm-none-eabi/13.3.1/../../../../arm-none-eabi/lib/thumb/v7-m/nofp\libc_nano.a(libc_a-stdio.o)
                0x08005df2                __sclose
 .text.__swbuf_r
                0x08005dfa       0x7c C:/ST/STM32CubeIDE_1.19.0/STM32CubeIDE/plugins/com.st.stm32cube.ide.mcu.externaltools.gnu-tools-for-stm32.13.3.rel1.win32_1.0.0.202411081344/tools/bin/../lib/gcc/arm-none-eabi/13.3.1/../../../../arm-none-eabi/lib/thumb/v7-m/nofp\libc_nano.a(libc_a-wbuf.o)
                0x08005dfa                __swbuf_r
 *fill*         0x08005e76        0x2 
 .text.__swsetup_r
                0x08005e78       0xac C:/ST/STM32CubeIDE_1.19.0/STM32CubeIDE/plugins/com.st.stm32cube.ide.mcu.externaltools.gnu-tools-for-stm32.13.3.rel1.win32_1.0.0.202411081344/tools/bin/../lib/gcc/arm-none-eabi/13.3.1/../../../../arm-none-eabi/lib/thumb/v7-m/nofp\libc_nano.a(libc_a-wsetup.o)
                0x08005e78                __swsetup_r
 .text.memset   0x08005f24       0x10 C:/ST/STM32CubeIDE_1.19.0/STM32CubeIDE/plugins/com.st.stm32cube.ide.mcu.externaltools.gnu-tools-for-stm32.13.3.rel1.win32_1.0.0.202411081344/tools/bin/../lib/gcc/arm-none-eabi/13.3.1/../../../../arm-none-eabi/lib/thumb/v7-m/nofp\libc_nano.a(libc_a-memset.o)
                0x08005f24                memset
 .text._close_r
                0x08005f34       0x20 C:/ST/STM32CubeIDE_1.19.0/STM32CubeIDE/plugins/com.st.stm32cube.ide.mcu.externaltools.gnu-tools-for-stm32.13.3.rel1.win32_1.0.0.202411081344/tools/bin/../lib/gcc/arm-none-eabi/13.3.1/../../../../arm-none-eabi/lib/thumb/v7-m/nofp\libc_nano.a(libc_a-closer.o)
                0x08005f34                _close_r
 .text._reclaim_reent
                0x08005f54       0xbc C:/ST/STM32CubeIDE_1.19.0/STM32CubeIDE/plugins/com.st.stm32cube.ide.mcu.externaltools.gnu-tools-for-stm32.13.3.rel1.win32_1.0.0.202411081344/tools/bin/../lib/gcc/arm-none-eabi/13.3.1/../../../../arm-none-eabi/lib/thumb/v7-m/nofp\libc_nano.a(libc_a-reent.o)
                0x08005f54                _reclaim_reent
 .text._lseek_r
                0x08006010       0x24 C:/ST/STM32CubeIDE_1.19.0/STM32CubeIDE/plugins/com.st.stm32cube.ide.mcu.externaltools.gnu-tools-for-stm32.13.3.rel1.win32_1.0.0.202411081344/tools/bin/../lib/gcc/arm-none-eabi/13.3.1/../../../../arm-none-eabi/lib/thumb/v7-m/nofp\libc_nano.a(libc_a-lseekr.o)
                0x08006010                _lseek_r
 .text._read_r  0x08006034       0x24 C:/ST/STM32CubeIDE_1.19.0/STM32CubeIDE/plugins/com.st.stm32cube.ide.mcu.externaltools.gnu-tools-for-stm32.13.3.rel1.win32_1.0.0.202411081344/tools/bin/../lib/gcc/arm-none-eabi/13.3.1/../../../../arm-none-eabi/lib/thumb/v7-m/nofp\libc_nano.a(libc_a-readr.o)
                0x08006034                _read_r
 .text._write_r
                0x08006058       0x24 C:/ST/STM32CubeIDE_1.19.0/STM32CubeIDE/plugins/com.st.stm32cube.ide.mcu.externaltools.gnu-tools-for-stm32.13.3.rel1.win32_1.0.0.202411081344/tools/bin/../lib/gcc/arm-none-eabi/13.3.1/../../../../arm-none-eabi/lib/thumb/v7-m/nofp\libc_nano.a(libc_a-writer.o)
                0x08006058                _write_r
 .text.__errno  0x0800607c        0xc C:/ST/STM32CubeIDE_1.19.0/STM32CubeIDE/plugins/com.st.stm32cube.ide.mcu.externaltools.gnu-tools-for-stm32.13.3.rel1.win32_1.0.0.202411081344/tools/bin/../lib/gcc/arm-none-eabi/13.3.1/../../../../arm-none-eabi/lib/thumb/v7-m/nofp\libc_nano.a(libc_a-errno.o)
                0x0800607c                __errno
 .text.__libc_init_array
                0x08006088       0x48 C:/ST/STM32CubeIDE_1.19.0/STM32CubeIDE/plugins/com.st.stm32cube.ide.mcu.externaltools.gnu-tools-for-stm32.13.3.rel1.win32_1.0.0.202411081344/tools/bin/../lib/gcc/arm-none-eabi/13.3.1/../../../../arm-none-eabi/lib/thumb/v7-m/nofp\libc_nano.a(libc_a-init.o)
                0x08006088                __libc_init_array
 .text.__retarget_lock_init_recursive
                0x080060d0        0x2 C:/ST/STM32CubeIDE_1.19.0/STM32CubeIDE/plugins/com.st.stm32cube.ide.mcu.externaltools.gnu-tools-for-stm32.13.3.rel1.win32_1.0.0.202411081344/tools/bin/../lib/gcc/arm-none-eabi/13.3.1/../../../../arm-none-eabi/lib/thumb/v7-m/nofp\libc_nano.a(libc_a-lock.o)
                0x080060d0                __retarget_lock_init_recursive
 .text.__retarget_lock_acquire_recursive
                0x080060d2        0x2 C:/ST/STM32CubeIDE_1.19.0/STM32CubeIDE/plugins/com.st.stm32cube.ide.mcu.externaltools.gnu-tools-for-stm32.13.3.rel1.win32_1.0.0.202411081344/tools/bin/../lib/gcc/arm-none-eabi/13.3.1/../../../../arm-none-eabi/lib/thumb/v7-m/nofp\libc_nano.a(libc_a-lock.o)
                0x080060d2                __retarget_lock_acquire_recursive
 .text.__retarget_lock_release_recursive
                0x080060d4        0x2 C:/ST/STM32CubeIDE_1.19.0/STM32CubeIDE/plugins/com.st.stm32cube.ide.mcu.externaltools.gnu-tools-for-stm32.13.3.rel1.win32_1.0.0.202411081344/tools/bin/../lib/gcc/arm-none-eabi/13.3.1/../../../../arm-none-eabi/lib/thumb/v7-m/nofp\libc_nano.a(libc_a-lock.o)
                0x080060d4                __retarget_lock_release_recursive
 .text.memcpy   0x080060d6       0x1c C:/ST/STM32CubeIDE_1.19.0/STM32CubeIDE/plugins/com.st.stm32cube.ide.mcu.externaltools.gnu-tools-for-stm32.13.3.rel1.win32_1.0.0.202411081344/tools/bin/../lib/gcc/arm-none-eabi/13.3.1/../../../../arm-none-eabi/lib/thumb/v7-m/nofp\libc_nano.a(libc_a-memcpy-stub.o)
                0x080060d6                memcpy
 *fill*         0x080060f2        0x2 
 .text._free_r  0x080060f4       0x90 C:/ST/STM32CubeIDE_1.19.0/STM32CubeIDE/plugins/com.st.stm32cube.ide.mcu.externaltools.gnu-tools-for-stm32.13.3.rel1.win32_1.0.0.202411081344/tools/bin/../lib/gcc/arm-none-eabi/13.3.1/../../../../arm-none-eabi/lib/thumb/v7-m/nofp\libc_nano.a(libc_a-freer.o)
                0x080060f4                _free_r
 .text.sbrk_aligned
                0x08006184       0x44 C:/ST/STM32CubeIDE_1.19.0/STM32CubeIDE/plugins/com.st.stm32cube.ide.mcu.externaltools.gnu-tools-for-stm32.13.3.rel1.win32_1.0.0.202411081344/tools/bin/../lib/gcc/arm-none-eabi/13.3.1/../../../../arm-none-eabi/lib/thumb/v7-m/nofp\libc_nano.a(libc_a-mallocr.o)
 .text._malloc_r
                0x080061c8      0x100 C:/ST/STM32CubeIDE_1.19.0/STM32CubeIDE/plugins/com.st.stm32cube.ide.mcu.externaltools.gnu-tools-for-stm32.13.3.rel1.win32_1.0.0.202411081344/tools/bin/../lib/gcc/arm-none-eabi/13.3.1/../../../../arm-none-eabi/lib/thumb/v7-m/nofp\libc_nano.a(libc_a-mallocr.o)
                0x080061c8                _malloc_r
 .text.__malloc_lock
                0x080062c8        0xc C:/ST/STM32CubeIDE_1.19.0/STM32CubeIDE/plugins/com.st.stm32cube.ide.mcu.externaltools.gnu-tools-for-stm32.13.3.rel1.win32_1.0.0.202411081344/tools/bin/../lib/gcc/arm-none-eabi/13.3.1/../../../../arm-none-eabi/lib/thumb/v7-m/nofp\libc_nano.a(libc_a-mlock.o)
                0x080062c8                __malloc_lock
 .text.__malloc_unlock
                0x080062d4        0xc C:/ST/STM32CubeIDE_1.19.0/STM32CubeIDE/plugins/com.st.stm32cube.ide.mcu.externaltools.gnu-tools-for-stm32.13.3.rel1.win32_1.0.0.202411081344/tools/bin/../lib/gcc/arm-none-eabi/13.3.1/../../../../arm-none-eabi/lib/thumb/v7-m/nofp\libc_nano.a(libc_a-mlock.o)
                0x080062d4                __malloc_unlock
 .text.__ssputs_r
                0x080062e0       0xb6 C:/ST/STM32CubeIDE_1.19.0/STM32CubeIDE/plugins/com.st.stm32cube.ide.mcu.externaltools.gnu-tools-for-stm32.13.3.rel1.win32_1.0.0.202411081344/tools/bin/../lib/gcc/arm-none-eabi/13.3.1/../../../../arm-none-eabi/lib/thumb/v7-m/nofp\libc_nano.a(libc_a-nano-svfprintf.o)
                0x080062e0                __ssputs_r
 *fill*         0x08006396        0x2 
 .text._svfprintf_r
                0x08006398      0x1f8 C:/ST/STM32CubeIDE_1.19.0/STM32CubeIDE/plugins/com.st.stm32cube.ide.mcu.externaltools.gnu-tools-for-stm32.13.3.rel1.win32_1.0.0.202411081344/tools/bin/../lib/gcc/arm-none-eabi/13.3.1/../../../../arm-none-eabi/lib/thumb/v7-m/nofp\libc_nano.a(libc_a-nano-svfprintf.o)
                0x08006398                _svfiprintf_r
                0x08006398                _svfprintf_r
 .text._printf_common
                0x08006590       0xe4 C:/ST/STM32CubeIDE_1.19.0/STM32CubeIDE/plugins/com.st.stm32cube.ide.mcu.externaltools.gnu-tools-for-stm32.13.3.rel1.win32_1.0.0.202411081344/tools/bin/../lib/gcc/arm-none-eabi/13.3.1/../../../../arm-none-eabi/lib/thumb/v7-m/nofp\libc_nano.a(libc_a-nano-vfprintf_i.o)
                0x08006590                _printf_common
 .text._printf_i
                0x08006674      0x23c C:/ST/STM32CubeIDE_1.19.0/STM32CubeIDE/plugins/com.st.stm32cube.ide.mcu.externaltools.gnu-tools-for-stm32.13.3.rel1.win32_1.0.0.202411081344/tools/bin/../lib/gcc/arm-none-eabi/13.3.1/../../../../arm-none-eabi/lib/thumb/v7-m/nofp\libc_nano.a(libc_a-nano-vfprintf_i.o)
                0x08006674                _printf_i
 .text.__sflush_r
                0x080068b0      0x100 C:/ST/STM32CubeIDE_1.19.0/STM32CubeIDE/plugins/com.st.stm32cube.ide.mcu.externaltools.gnu-tools-for-stm32.13.3.rel1.win32_1.0.0.202411081344/tools/bin/../lib/gcc/arm-none-eabi/13.3.1/../../../../arm-none-eabi/lib/thumb/v7-m/nofp\libc_nano.a(libc_a-fflush.o)
                0x080068b0                __sflush_r
 .text._fflush_r
                0x080069b0       0x50 C:/ST/STM32CubeIDE_1.19.0/STM32CubeIDE/plugins/com.st.stm32cube.ide.mcu.externaltools.gnu-tools-for-stm32.13.3.rel1.win32_1.0.0.202411081344/tools/bin/../lib/gcc/arm-none-eabi/13.3.1/../../../../arm-none-eabi/lib/thumb/v7-m/nofp\libc_nano.a(libc_a-fflush.o)
                0x080069b0                _fflush_r
 .text.__swhatbuf_r
                0x08006a00       0x4a C:/ST/STM32CubeIDE_1.19.0/STM32CubeIDE/plugins/com.st.stm32cube.ide.mcu.externaltools.gnu-tools-for-stm32.13.3.rel1.win32_1.0.0.202411081344/tools/bin/../lib/gcc/arm-none-eabi/13.3.1/../../../../arm-none-eabi/lib/thumb/v7-m/nofp\libc_nano.a(libc_a-makebuf.o)
                0x08006a00                __swhatbuf_r
 .text.__smakebuf_r
                0x08006a4a       0x78 C:/ST/STM32CubeIDE_1.19.0/STM32CubeIDE/plugins/com.st.stm32cube.ide.mcu.externaltools.gnu-tools-for-stm32.13.3.rel1.win32_1.0.0.202411081344/tools/bin/../lib/gcc/arm-none-eabi/13.3.1/../../../../arm-none-eabi/lib/thumb/v7-m/nofp\libc_nano.a(libc_a-makebuf.o)
                0x08006a4a                __smakebuf_r
 .text.memmove  0x08006ac2       0x34 C:/ST/STM32CubeIDE_1.19.0/STM32CubeIDE/plugins/com.st.stm32cube.ide.mcu.externaltools.gnu-tools-for-stm32.13.3.rel1.win32_1.0.0.202411081344/tools/bin/../lib/gcc/arm-none-eabi/13.3.1/../../../../arm-none-eabi/lib/thumb/v7-m/nofp\libc_nano.a(libc_a-memmove.o)
                0x08006ac2                memmove
 *fill*         0x08006af6        0x2 
 .text._fstat_r
                0x08006af8       0x24 C:/ST/STM32CubeIDE_1.19.0/STM32CubeIDE/plugins/com.st.stm32cube.ide.mcu.externaltools.gnu-tools-for-stm32.13.3.rel1.win32_1.0.0.202411081344/tools/bin/../lib/gcc/arm-none-eabi/13.3.1/../../../../arm-none-eabi/lib/thumb/v7-m/nofp\libc_nano.a(libc_a-fstatr.o)
                0x08006af8                _fstat_r
 .text._isatty_r
                0x08006b1c       0x20 C:/ST/STM32CubeIDE_1.19.0/STM32CubeIDE/plugins/com.st.stm32cube.ide.mcu.externaltools.gnu-tools-for-stm32.13.3.rel1.win32_1.0.0.202411081344/tools/bin/../lib/gcc/arm-none-eabi/13.3.1/../../../../arm-none-eabi/lib/thumb/v7-m/nofp\libc_nano.a(libc_a-isattyr.o)
                0x08006b1c                _isatty_r
 .text._sbrk_r  0x08006b3c       0x20 C:/ST/STM32CubeIDE_1.19.0/STM32CubeIDE/plugins/com.st.stm32cube.ide.mcu.externaltools.gnu-tools-for-stm32.13.3.rel1.win32_1.0.0.202411081344/tools/bin/../lib/gcc/arm-none-eabi/13.3.1/../../../../arm-none-eabi/lib/thumb/v7-m/nofp\libc_nano.a(libc_a-sbrkr.o)
                0x08006b3c                _sbrk_r
 .text.memchr   0x08006b5c       0x1c C:/ST/STM32CubeIDE_1.19.0/STM32CubeIDE/plugins/com.st.stm32cube.ide.mcu.externaltools.gnu-tools-for-stm32.13.3.rel1.win32_1.0.0.202411081344/tools/bin/../lib/gcc/arm-none-eabi/13.3.1/../../../../arm-none-eabi/lib/thumb/v7-m/nofp\libc_nano.a(libc_a-memchr-stub.o)
                0x08006b5c                memchr
 .text._realloc_r
                0x08006b78       0x5c C:/ST/STM32CubeIDE_1.19.0/STM32CubeIDE/plugins/com.st.stm32cube.ide.mcu.externaltools.gnu-tools-for-stm32.13.3.rel1.win32_1.0.0.202411081344/tools/bin/../lib/gcc/arm-none-eabi/13.3.1/../../../../arm-none-eabi/lib/thumb/v7-m/nofp\libc_nano.a(libc_a-reallocr.o)
                0x08006b78                _realloc_r
 .text._malloc_usable_size_r
                0x08006bd4       0x10 C:/ST/STM32CubeIDE_1.19.0/STM32CubeIDE/plugins/com.st.stm32cube.ide.mcu.externaltools.gnu-tools-for-stm32.13.3.rel1.win32_1.0.0.202411081344/tools/bin/../lib/gcc/arm-none-eabi/13.3.1/../../../../arm-none-eabi/lib/thumb/v7-m/nofp\libc_nano.a(libc_a-msizer.o)
                0x08006bd4                _malloc_usable_size_r
 .text.log      0x08006be4       0x64 C:/ST/STM32CubeIDE_1.19.0/STM32CubeIDE/plugins/com.st.stm32cube.ide.mcu.externaltools.gnu-tools-for-stm32.13.3.rel1.win32_1.0.0.202411081344/tools/bin/../lib/gcc/arm-none-eabi/13.3.1/../../../../arm-none-eabi/lib/thumb/v7-m/nofp\libm.a(libm_a-w_log.o)
                0x08006be4                log
 .text.nan      0x08006c48        0xc C:/ST/STM32CubeIDE_1.19.0/STM32CubeIDE/plugins/com.st.stm32cube.ide.mcu.externaltools.gnu-tools-for-stm32.13.3.rel1.win32_1.0.0.202411081344/tools/bin/../lib/gcc/arm-none-eabi/13.3.1/../../../../arm-none-eabi/lib/thumb/v7-m/nofp\libm.a(libm_a-s_nan.o)
                0x08006c48                nan
 *fill*         0x08006c54        0x4 
 .text.__ieee754_log
                0x08006c58      0x364 C:/ST/STM32CubeIDE_1.19.0/STM32CubeIDE/plugins/com.st.stm32cube.ide.mcu.externaltools.gnu-tools-for-stm32.13.3.rel1.win32_1.0.0.202411081344/tools/bin/../lib/gcc/arm-none-eabi/13.3.1/../../../../arm-none-eabi/lib/thumb/v7-m/nofp\libm.a(libm_a-e_log.o)
                0x08006c58                __ieee754_log
 *(.glue_7)
 .glue_7        0x08006fbc        0x0 linker stubs
 *(.glue_7t)
 .glue_7t       0x08006fbc        0x0 linker stubs
 *(.eh_frame)
 .eh_frame      0x08006fbc        0x0 C:/ST/STM32CubeIDE_1.19.0/STM32CubeIDE/plugins/com.st.stm32cube.ide.mcu.externaltools.gnu-tools-for-stm32.13.3.rel1.win32_1.0.0.202411081344/tools/bin/../lib/gcc/arm-none-eabi/13.3.1/thumb/v7-m/nofp/crtbegin.o
 *(.init)
 .init          0x08006fbc        0x4 C:/ST/STM32CubeIDE_1.19.0/STM32CubeIDE/plugins/com.st.stm32cube.ide.mcu.externaltools.gnu-tools-for-stm32.13.3.rel1.win32_1.0.0.202411081344/tools/bin/../lib/gcc/arm-none-eabi/13.3.1/thumb/v7-m/nofp/crti.o
                0x08006fbc                _init
 .init          0x08006fc0        0x8 C:/ST/STM32CubeIDE_1.19.0/STM32CubeIDE/plugins/com.st.stm32cube.ide.mcu.externaltools.gnu-tools-for-stm32.13.3.rel1.win32_1.0.0.202411081344/tools/bin/../lib/gcc/arm-none-eabi/13.3.1/thumb/v7-m/nofp/crtn.o
 *(.fini)
 .fini          0x08006fc8        0x4 C:/ST/STM32CubeIDE_1.19.0/STM32CubeIDE/plugins/com.st.stm32cube.ide.mcu.externaltools.gnu-tools-for-stm32.13.3.rel1.win32_1.0.0.202411081344/tools/bin/../lib/gcc/arm-none-eabi/13.3.1/thumb/v7-m/nofp/crti.o
                0x08006fc8                _fini
 .fini          0x08006fcc        0x8 C:/ST/STM32CubeIDE_1.19.0/STM32CubeIDE/plugins/com.st.stm32cube.ide.mcu.externaltools.gnu-tools-for-stm32.13.3.rel1.win32_1.0.0.202411081344/tools/bin/../lib/gcc/arm-none-eabi/13.3.1/thumb/v7-m/nofp/crtn.o
                0x08006fd4                        . = ALIGN (0x4)
                0x08006fd4                        _etext = .

.vfp11_veneer   0x08006fd4        0x0
 .vfp11_veneer  0x08006fd4        0x0 linker stubs

.v4_bx          0x08006fd4        0x0
 .v4_bx         0x08006fd4        0x0 linker stubs

.iplt           0x08006fd4        0x0
 .iplt          0x08006fd4        0x0 C:/ST/STM32CubeIDE_1.19.0/STM32CubeIDE/plugins/com.st.stm32cube.ide.mcu.externaltools.gnu-tools-for-stm32.13.3.rel1.win32_1.0.0.202411081344/tools/bin/../lib/gcc/arm-none-eabi/13.3.1/thumb/v7-m/nofp/crtbegin.o

.rodata         0x08006fd4      0x344
                0x08006fd4                        . = ALIGN (0x4)
 *(.rodata)
 *(.rodata*)
 .rodata.Update_val_usart.str1.1
                0x08006fd4      0x20a ./Core/Src/BQ76930.o
                                 0x77 (size before relaxing)
 .rodata.ALERT_1_Recognition.str1.1
                0x080071de       0x22 ./Core/Src/BQ76930.o
 *fill*         0x080071de        0x2 
 .rodata.cell_idx.0
                0x080071e0       0x24 ./Core/Src/BQ76930.o
 .rodata.StartSampleTask.str1.1
                0x08007204       0x16 ./Core/Src/freertos.o
 .rodata.StartCommTask.str1.1
                0x08007204       0x20 ./Core/Src/freertos.o
 .rodata.StartbalanceTask.str1.1
                0x08007204       0x1b ./Core/Src/freertos.o
 .rodata.StartprotectTask.str1.1
                0x08007204       0x1b ./Core/Src/freertos.o
 .rodata.MX_FREERTOS_Init.str1.1
                0x08007204       0x87 ./Core/Src/freertos.o
 .rodata.balance_funcs.1
                0x08007204       0x24 ./Core/Src/freertos.o
 .rodata.cell_idx.2
                0x08007228       0x24 ./Core/Src/freertos.o
 .rodata.str1.1
                0x0800724c       0x39 ./Core/Src/freertos.o
 .rodata.bmsDataMutex_attributes
                0x0800724c       0x10 ./Core/Src/freertos.o
                0x0800724c                bmsDataMutex_attributes
 .rodata.protectTask_attributes
                0x0800725c       0x24 ./Core/Src/freertos.o
                0x0800725c                protectTask_attributes
 .rodata.balanceTask_attributes
                0x08007280       0x24 ./Core/Src/freertos.o
                0x08007280                balanceTask_attributes
 .rodata.CommTask_attributes
                0x080072a4       0x24 ./Core/Src/freertos.o
                0x080072a4                CommTask_attributes
 .rodata.SampleTask_attributes
                0x080072c8       0x24 ./Core/Src/freertos.o
                0x080072c8                SampleTask_attributes
 .rodata.APBPrescTable
                0x080072ec        0x8 ./Core/Src/system_stm32f1xx.o
                0x080072ec                APBPrescTable
 .rodata.AHBPrescTable
                0x080072f4       0x10 ./Core/Src/system_stm32f1xx.o
                0x080072f4                AHBPrescTable
 .rodata.aPredivFactorTable.0
                0x08007304        0x2 ./Drivers/STM32F1xx_HAL_Driver/stm32f1xx_hal_rcc.o
 .rodata.aPLLMULFactorTable.1
                0x08007306       0x10 ./Drivers/STM32F1xx_HAL_Driver/stm32f1xx_hal_rcc.o
 .rodata.vTaskStartScheduler.str1.1
                0x08007316        0x5 ./Middlewares/FreeRTOS/tasks.o
 .rodata.prvCheckForValidListAndQueue.str1.1
                0x08007316        0x5 ./Middlewares/FreeRTOS/timers.o
 .rodata.xTimerCreateTimerTask.str1.1
                0x08007316        0x8 ./Middlewares/FreeRTOS/timers.o
 .rodata._svfprintf_r.str1.1
                0x08007316       0x11 C:/ST/STM32CubeIDE_1.19.0/STM32CubeIDE/plugins/com.st.stm32cube.ide.mcu.externaltools.gnu-tools-for-stm32.13.3.rel1.win32_1.0.0.202411081344/tools/bin/../lib/gcc/arm-none-eabi/13.3.1/../../../../arm-none-eabi/lib/thumb/v7-m/nofp\libc_nano.a(libc_a-nano-svfprintf.o)
 .rodata._printf_i.str1.1
                0x08007316       0x22 C:/ST/STM32CubeIDE_1.19.0/STM32CubeIDE/plugins/com.st.stm32cube.ide.mcu.externaltools.gnu-tools-for-stm32.13.3.rel1.win32_1.0.0.202411081344/tools/bin/../lib/gcc/arm-none-eabi/13.3.1/../../../../arm-none-eabi/lib/thumb/v7-m/nofp\libc_nano.a(libc_a-nano-vfprintf_i.o)
 .rodata.log.str1.1
                0x08007316        0x1 C:/ST/STM32CubeIDE_1.19.0/STM32CubeIDE/plugins/com.st.stm32cube.ide.mcu.externaltools.gnu-tools-for-stm32.13.3.rel1.win32_1.0.0.202411081344/tools/bin/../lib/gcc/arm-none-eabi/13.3.1/../../../../arm-none-eabi/lib/thumb/v7-m/nofp\libm.a(libm_a-w_log.o)
                0x08007338                        . = ALIGN (0x4)
 *fill*         0x08007316        0x2 

.ARM.extab      0x08007318        0x0
                0x08007318                        . = ALIGN (0x4)
 *(.ARM.extab* .gnu.linkonce.armextab.*)
                0x08007318                        . = ALIGN (0x4)

.ARM            0x08007318        0x0
                0x08007318                        . = ALIGN (0x4)
                0x08007318                        __exidx_start = .
 *(.ARM.exidx*)
                0x08007318                        __exidx_end = .
                0x08007318                        . = ALIGN (0x4)

.preinit_array  0x08007318        0x0
                0x08007318                        . = ALIGN (0x4)
                0x08007318                        PROVIDE (__preinit_array_start = .)
 *(.preinit_array*)
                0x08007318                        PROVIDE (__preinit_array_end = .)
                0x08007318                        . = ALIGN (0x4)

.init_array     0x08007318        0x4
                0x08007318                        . = ALIGN (0x4)
                0x08007318                        PROVIDE (__init_array_start = .)
 *(SORT_BY_NAME(.init_array.*))
 *(.init_array*)
 .init_array    0x08007318        0x4 C:/ST/STM32CubeIDE_1.19.0/STM32CubeIDE/plugins/com.st.stm32cube.ide.mcu.externaltools.gnu-tools-for-stm32.13.3.rel1.win32_1.0.0.202411081344/tools/bin/../lib/gcc/arm-none-eabi/13.3.1/thumb/v7-m/nofp/crtbegin.o
                0x0800731c                        PROVIDE (__init_array_end = .)
                0x0800731c                        . = ALIGN (0x4)

.fini_array     0x0800731c        0x4
                0x0800731c                        . = ALIGN (0x4)
                [!provide]                        PROVIDE (__fini_array_start = .)
 *(SORT_BY_NAME(.fini_array.*))
 *(.fini_array*)
 .fini_array    0x0800731c        0x4 C:/ST/STM32CubeIDE_1.19.0/STM32CubeIDE/plugins/com.st.stm32cube.ide.mcu.externaltools.gnu-tools-for-stm32.13.3.rel1.win32_1.0.0.202411081344/tools/bin/../lib/gcc/arm-none-eabi/13.3.1/thumb/v7-m/nofp/crtbegin.o
                [!provide]                        PROVIDE (__fini_array_end = .)
                0x08007320                        . = ALIGN (0x4)
                0x08007320                        _sidata = LOADADDR (.data)

.rel.dyn        0x08007320        0x0
 .rel.iplt      0x08007320        0x0 C:/ST/STM32CubeIDE_1.19.0/STM32CubeIDE/plugins/com.st.stm32cube.ide.mcu.externaltools.gnu-tools-for-stm32.13.3.rel1.win32_1.0.0.202411081344/tools/bin/../lib/gcc/arm-none-eabi/13.3.1/thumb/v7-m/nofp/crtbegin.o

.data           0x20000000      0x184 load address 0x08007320
                0x20000000                        . = ALIGN (0x4)
                0x20000000                        _sdata = .
 *(.data)
 *(.data*)
 .data.BQ769_INITdata
                0x20000000        0xc ./Core/Src/BQ76930.o
                0x20000000                BQ769_INITdata
 .data.BQ769_INITAdd
                0x2000000c        0xc ./Core/Src/BQ76930.o
                0x2000000c                BQ769_INITAdd
 .data.can_buf7
                0x20000018        0x8 ./Core/Src/BQ76930.o
                0x20000018                can_buf7
 .data.can_buf6
                0x20000020        0x8 ./Core/Src/BQ76930.o
                0x20000020                can_buf6
 .data.can_buf5
                0x20000028        0x8 ./Core/Src/BQ76930.o
                0x20000028                can_buf5
 .data.can_buf4
                0x20000030        0x8 ./Core/Src/BQ76930.o
                0x20000030                can_buf4
 .data.can_buf3
                0x20000038        0x8 ./Core/Src/BQ76930.o
                0x20000038                can_buf3
 .data.can_buf2
                0x20000040        0x8 ./Core/Src/BQ76930.o
                0x20000040                can_buf2
 .data.can_buf1
                0x20000048        0x8 ./Core/Src/BQ76930.o
                0x20000048                can_buf1
 .data.shang3   0x20000050       0x32 ./Core/Src/BQ76930.o
                0x20000050                shang3
 .data.shang2   0x20000082       0x32 ./Core/Src/BQ76930.o
                0x20000082                shang2
 .data.shang1   0x200000b4       0x32 ./Core/Src/BQ76930.o
                0x200000b4                shang1
 .data.shang    0x200000e6       0x32 ./Core/Src/BQ76930.o
                0x200000e6                shang
 .data.SystemCoreClock
                0x20000118        0x4 ./Core/Src/system_stm32f1xx.o
                0x20000118                SystemCoreClock
 .data.uwTickFreq
                0x2000011c        0x1 ./Drivers/STM32F1xx_HAL_Driver/stm32f1xx_hal.o
                0x2000011c                uwTickFreq
 *fill*         0x2000011d        0x3 
 .data.uwTickPrio
                0x20000120        0x4 ./Drivers/STM32F1xx_HAL_Driver/stm32f1xx_hal.o
                0x20000120                uwTickPrio
 .data.uxCriticalNesting
                0x20000124        0x4 ./Middlewares/FreeRTOS/port.o
 .data.__sglue  0x20000128        0xc C:/ST/STM32CubeIDE_1.19.0/STM32CubeIDE/plugins/com.st.stm32cube.ide.mcu.externaltools.gnu-tools-for-stm32.13.3.rel1.win32_1.0.0.202411081344/tools/bin/../lib/gcc/arm-none-eabi/13.3.1/../../../../arm-none-eabi/lib/thumb/v7-m/nofp\libc_nano.a(libc_a-findfp.o)
                0x20000128                __sglue
 .data._impure_ptr
                0x20000134        0x4 C:/ST/STM32CubeIDE_1.19.0/STM32CubeIDE/plugins/com.st.stm32cube.ide.mcu.externaltools.gnu-tools-for-stm32.13.3.rel1.win32_1.0.0.202411081344/tools/bin/../lib/gcc/arm-none-eabi/13.3.1/../../../../arm-none-eabi/lib/thumb/v7-m/nofp\libc_nano.a(libc_a-impure.o)
                0x20000134                _impure_ptr
 .data._impure_data
                0x20000138       0x4c C:/ST/STM32CubeIDE_1.19.0/STM32CubeIDE/plugins/com.st.stm32cube.ide.mcu.externaltools.gnu-tools-for-stm32.13.3.rel1.win32_1.0.0.202411081344/tools/bin/../lib/gcc/arm-none-eabi/13.3.1/../../../../arm-none-eabi/lib/thumb/v7-m/nofp\libc_nano.a(libc_a-impure.o)
                0x20000138                _impure_data
 *(.RamFunc)
 *(.RamFunc*)
                0x20000184                        . = ALIGN (0x4)
                0x20000184                        _edata = .

.igot.plt       0x20000184        0x0 load address 0x080074a4
 .igot.plt      0x20000184        0x0 C:/ST/STM32CubeIDE_1.19.0/STM32CubeIDE/plugins/com.st.stm32cube.ide.mcu.externaltools.gnu-tools-for-stm32.13.3.rel1.win32_1.0.0.202411081344/tools/bin/../lib/gcc/arm-none-eabi/13.3.1/thumb/v7-m/nofp/crtbegin.o
                0x20000184                        . = ALIGN (0x4)

.bss            0x20000184     0x1d48 load address 0x080074a4
                0x20000184                        _sbss = .
                0x20000184                        __bss_start__ = _sbss
 *(.bss)
 .bss           0x20000184       0x1c C:/ST/STM32CubeIDE_1.19.0/STM32CubeIDE/plugins/com.st.stm32cube.ide.mcu.externaltools.gnu-tools-for-stm32.13.3.rel1.win32_1.0.0.202411081344/tools/bin/../lib/gcc/arm-none-eabi/13.3.1/thumb/v7-m/nofp/crtbegin.o
 *(.bss*)
 .bss.OCD_Alarm_flag
                0x200001a0        0x4 ./Core/Src/BQ76930.o
                0x200001a0                OCD_Alarm_flag
 .bss.SCD_Alarm_flag
                0x200001a4        0x4 ./Core/Src/BQ76930.o
                0x200001a4                SCD_Alarm_flag
 .bss.OV_Alarm_flag
                0x200001a8        0x4 ./Core/Src/BQ76930.o
                0x200001a8                OV_Alarm_flag
 .bss.UV_Alarm_flag
                0x200001ac        0x4 ./Core/Src/BQ76930.o
                0x200001ac                UV_Alarm_flag
 .bss.CHG_STA   0x200001b0        0x1 ./Core/Src/BQ76930.o
                0x200001b0                CHG_STA
 .bss.DSG_STA   0x200001b1        0x1 ./Core/Src/BQ76930.o
                0x200001b1                DSG_STA
 .bss.BMS_sta   0x200001b2        0x1 ./Core/Src/BQ76930.o
                0x200001b2                BMS_sta
 *fill*         0x200001b3        0x1 
 .bss.Tempval_2
                0x200001b4        0x4 ./Core/Src/BQ76930.o
                0x200001b4                Tempval_2
 .bss.SOC       0x200001b8        0x4 ./Core/Src/BQ76930.o
                0x200001b8                SOC
 .bss.UT_Alarm_flag
                0x200001bc        0x4 ./Core/Src/BQ76930.o
                0x200001bc                UT_Alarm_flag
 .bss.OT_Alarm_flag
                0x200001c0        0x4 ./Core/Src/BQ76930.o
                0x200001c0                OT_Alarm_flag
 .bss.OC_FLAG   0x200001c4        0x1 ./Core/Src/BQ76930.o
                0x200001c4                OC_FLAG
 .bss.UV_FLAG   0x200001c5        0x1 ./Core/Src/BQ76930.o
                0x200001c5                UV_FLAG
 .bss.OV_FLAG   0x200001c6        0x1 ./Core/Src/BQ76930.o
                0x200001c6                OV_FLAG
 *fill*         0x200001c7        0x1 
 .bss.Batteryval
                0x200001c8       0xc8 ./Core/Src/BQ76930.o
                0x200001c8                Batteryval
 .bss.ADC_GAIN  0x20000290        0x4 ./Core/Src/BQ76930.o
                0x20000290                ADC_GAIN
 .bss.GAIN      0x20000294        0x4 ./Core/Src/BQ76930.o
                0x20000294                GAIN
 .bss.ADC_offset
                0x20000298        0x4 ./Core/Src/BQ76930.o
                0x20000298                ADC_offset
 .bss.bmsDataMutexHandle
                0x2000029c        0x4 ./Core/Src/freertos.o
                0x2000029c                bmsDataMutexHandle
 .bss.protectTaskHandle
                0x200002a0        0x4 ./Core/Src/freertos.o
                0x200002a0                protectTaskHandle
 .bss.balanceTaskHandle
                0x200002a4        0x4 ./Core/Src/freertos.o
                0x200002a4                balanceTaskHandle
 .bss.CommTaskHandle
                0x200002a8        0x4 ./Core/Src/freertos.o
                0x200002a8                CommTaskHandle
 .bss.SampleTaskHandle
                0x200002ac        0x4 ./Core/Src/freertos.o
                0x200002ac                SampleTaskHandle
 .bss.hi2c1     0x200002b0       0x54 ./Core/Src/i2c.o
                0x200002b0                hi2c1
 .bss.htim1     0x20000304       0x48 ./Core/Src/stm32f1xx_hal_timebase_tim.o
                0x20000304                htim1
 .bss.__sbrk_heap_end
                0x2000034c        0x4 ./Core/Src/sysmem.o
 .bss.huart1    0x20000350       0x48 ./Core/Src/usart.o
                0x20000350                huart1
 .bss.uwTick    0x20000398        0x4 ./Drivers/STM32F1xx_HAL_Driver/stm32f1xx_hal.o
                0x20000398                uwTick
 .bss.Timer_Stack.0
                0x2000039c      0x400 ./Middlewares/FreeRTOS/cmsis_os2.o
 .bss.Timer_TCB.1
                0x2000079c       0xa8 ./Middlewares/FreeRTOS/cmsis_os2.o
 .bss.Idle_Stack.2
                0x20000844      0x200 ./Middlewares/FreeRTOS/cmsis_os2.o
 .bss.Idle_TCB.3
                0x20000a44       0xa8 ./Middlewares/FreeRTOS/cmsis_os2.o
 .bss.KernelState
                0x20000aec        0x4 ./Middlewares/FreeRTOS/cmsis_os2.o
 .bss.xBlockAllocatedBit
                0x20000af0        0x4 ./Middlewares/FreeRTOS/heap_4.o
 .bss.xNumberOfSuccessfulFrees
                0x20000af4        0x4 ./Middlewares/FreeRTOS/heap_4.o
 .bss.xNumberOfSuccessfulAllocations
                0x20000af8        0x4 ./Middlewares/FreeRTOS/heap_4.o
 .bss.xMinimumEverFreeBytesRemaining
                0x20000afc        0x4 ./Middlewares/FreeRTOS/heap_4.o
 .bss.xFreeBytesRemaining
                0x20000b00        0x4 ./Middlewares/FreeRTOS/heap_4.o
 .bss.pxEnd     0x20000b04        0x4 ./Middlewares/FreeRTOS/heap_4.o
 .bss.xStart    0x20000b08        0x8 ./Middlewares/FreeRTOS/heap_4.o
 .bss.ucHeap    0x20000b10      0xc00 ./Middlewares/FreeRTOS/heap_4.o
 .bss.ulMaxPRIGROUPValue
                0x20001710        0x4 ./Middlewares/FreeRTOS/port.o
 .bss.ucMaxSysCallPriority
                0x20001714        0x1 ./Middlewares/FreeRTOS/port.o
 *fill*         0x20001715        0x3 
 .bss.xQueueRegistry
                0x20001718       0x40 ./Middlewares/FreeRTOS/queue.o
                0x20001718                xQueueRegistry
 .bss.uxSchedulerSuspended
                0x20001758        0x4 ./Middlewares/FreeRTOS/tasks.o
 .bss.xNextTaskUnblockTime
                0x2000175c        0x4 ./Middlewares/FreeRTOS/tasks.o
 .bss.uxTaskNumber
                0x20001760        0x4 ./Middlewares/FreeRTOS/tasks.o
 .bss.xNumOfOverflows
                0x20001764        0x4 ./Middlewares/FreeRTOS/tasks.o
 .bss.xYieldPending
                0x20001768        0x4 ./Middlewares/FreeRTOS/tasks.o
 .bss.xPendedTicks
                0x2000176c        0x4 ./Middlewares/FreeRTOS/tasks.o
 .bss.xSchedulerRunning
                0x20001770        0x4 ./Middlewares/FreeRTOS/tasks.o
 .bss.uxTopReadyPriority
                0x20001774        0x4 ./Middlewares/FreeRTOS/tasks.o
 .bss.xTickCount
                0x20001778        0x4 ./Middlewares/FreeRTOS/tasks.o
 .bss.uxCurrentNumberOfTasks
                0x2000177c        0x4 ./Middlewares/FreeRTOS/tasks.o
 .bss.xSuspendedTaskList
                0x20001780       0x14 ./Middlewares/FreeRTOS/tasks.o
 .bss.uxDeletedTasksWaitingCleanUp
                0x20001794        0x4 ./Middlewares/FreeRTOS/tasks.o
 .bss.xTasksWaitingTermination
                0x20001798       0x14 ./Middlewares/FreeRTOS/tasks.o
 .bss.xPendingReadyList
                0x200017ac       0x14 ./Middlewares/FreeRTOS/tasks.o
 .bss.pxOverflowDelayedTaskList
                0x200017c0        0x4 ./Middlewares/FreeRTOS/tasks.o
 .bss.pxDelayedTaskList
                0x200017c4        0x4 ./Middlewares/FreeRTOS/tasks.o
 .bss.xDelayedTaskList2
                0x200017c8       0x14 ./Middlewares/FreeRTOS/tasks.o
 .bss.xDelayedTaskList1
                0x200017dc       0x14 ./Middlewares/FreeRTOS/tasks.o
 .bss.pxReadyTasksLists
                0x200017f0      0x460 ./Middlewares/FreeRTOS/tasks.o
 .bss.pxCurrentTCB
                0x20001c50        0x4 ./Middlewares/FreeRTOS/tasks.o
                0x20001c50                pxCurrentTCB
 .bss.xStaticTimerQueue.0
                0x20001c54       0x50 ./Middlewares/FreeRTOS/timers.o
 .bss.ucStaticTimerQueueStorage.1
                0x20001ca4       0xa0 ./Middlewares/FreeRTOS/timers.o
 .bss.xLastTime.2
                0x20001d44        0x4 ./Middlewares/FreeRTOS/timers.o
 .bss.xTimerTaskHandle
                0x20001d48        0x4 ./Middlewares/FreeRTOS/timers.o
 .bss.xTimerQueue
                0x20001d4c        0x4 ./Middlewares/FreeRTOS/timers.o
 .bss.pxOverflowTimerList
                0x20001d50        0x4 ./Middlewares/FreeRTOS/timers.o
 .bss.pxCurrentTimerList
                0x20001d54        0x4 ./Middlewares/FreeRTOS/timers.o
 .bss.xActiveTimerList2
                0x20001d58       0x14 ./Middlewares/FreeRTOS/timers.o
 .bss.xActiveTimerList1
                0x20001d6c       0x14 ./Middlewares/FreeRTOS/timers.o
 .bss.__sf      0x20001d80      0x138 C:/ST/STM32CubeIDE_1.19.0/STM32CubeIDE/plugins/com.st.stm32cube.ide.mcu.externaltools.gnu-tools-for-stm32.13.3.rel1.win32_1.0.0.202411081344/tools/bin/../lib/gcc/arm-none-eabi/13.3.1/../../../../arm-none-eabi/lib/thumb/v7-m/nofp\libc_nano.a(libc_a-findfp.o)
                0x20001d80                __sf
 .bss.__stdio_exit_handler
                0x20001eb8        0x4 C:/ST/STM32CubeIDE_1.19.0/STM32CubeIDE/plugins/com.st.stm32cube.ide.mcu.externaltools.gnu-tools-for-stm32.13.3.rel1.win32_1.0.0.202411081344/tools/bin/../lib/gcc/arm-none-eabi/13.3.1/../../../../arm-none-eabi/lib/thumb/v7-m/nofp\libc_nano.a(libc_a-findfp.o)
                0x20001eb8                __stdio_exit_handler
 .bss.errno     0x20001ebc        0x4 C:/ST/STM32CubeIDE_1.19.0/STM32CubeIDE/plugins/com.st.stm32cube.ide.mcu.externaltools.gnu-tools-for-stm32.13.3.rel1.win32_1.0.0.202411081344/tools/bin/../lib/gcc/arm-none-eabi/13.3.1/../../../../arm-none-eabi/lib/thumb/v7-m/nofp\libc_nano.a(libc_a-reent.o)
                0x20001ebc                errno
 .bss.__lock___malloc_recursive_mutex
                0x20001ec0        0x1 C:/ST/STM32CubeIDE_1.19.0/STM32CubeIDE/plugins/com.st.stm32cube.ide.mcu.externaltools.gnu-tools-for-stm32.13.3.rel1.win32_1.0.0.202411081344/tools/bin/../lib/gcc/arm-none-eabi/13.3.1/../../../../arm-none-eabi/lib/thumb/v7-m/nofp\libc_nano.a(libc_a-lock.o)
                0x20001ec0                __lock___malloc_recursive_mutex
 .bss.__lock___sfp_recursive_mutex
                0x20001ec1        0x1 C:/ST/STM32CubeIDE_1.19.0/STM32CubeIDE/plugins/com.st.stm32cube.ide.mcu.externaltools.gnu-tools-for-stm32.13.3.rel1.win32_1.0.0.202411081344/tools/bin/../lib/gcc/arm-none-eabi/13.3.1/../../../../arm-none-eabi/lib/thumb/v7-m/nofp\libc_nano.a(libc_a-lock.o)
                0x20001ec1                __lock___sfp_recursive_mutex
 *fill*         0x20001ec2        0x2 
 .bss.__malloc_sbrk_start
                0x20001ec4        0x4 C:/ST/STM32CubeIDE_1.19.0/STM32CubeIDE/plugins/com.st.stm32cube.ide.mcu.externaltools.gnu-tools-for-stm32.13.3.rel1.win32_1.0.0.202411081344/tools/bin/../lib/gcc/arm-none-eabi/13.3.1/../../../../arm-none-eabi/lib/thumb/v7-m/nofp\libc_nano.a(libc_a-mallocr.o)
                0x20001ec4                __malloc_sbrk_start
 .bss.__malloc_free_list
                0x20001ec8        0x4 C:/ST/STM32CubeIDE_1.19.0/STM32CubeIDE/plugins/com.st.stm32cube.ide.mcu.externaltools.gnu-tools-for-stm32.13.3.rel1.win32_1.0.0.202411081344/tools/bin/../lib/gcc/arm-none-eabi/13.3.1/../../../../arm-none-eabi/lib/thumb/v7-m/nofp\libc_nano.a(libc_a-mallocr.o)
                0x20001ec8                __malloc_free_list
 *(COMMON)
                0x20001ecc                        . = ALIGN (0x4)
                0x20001ecc                        _ebss = .
                0x20001ecc                        __bss_end__ = _ebss

._user_heap_stack
                0x20001ecc      0x604 load address 0x080074a4
                0x20001ed0                        . = ALIGN (0x8)
 *fill*         0x20001ecc        0x4 
                [!provide]                        PROVIDE (end = .)
                0x20001ed0                        PROVIDE (_end = .)
                0x200020d0                        . = (. + _Min_Heap_Size)
 *fill*         0x20001ed0      0x200 
                0x200024d0                        . = (. + _Min_Stack_Size)
 *fill*         0x200020d0      0x400 
                0x200024d0                        . = ALIGN (0x8)

/DISCARD/
 libc.a(*)
 libm.a(*)
 libgcc.a(*)

.ARM.attributes
                0x00000000       0x29
 *(.ARM.attributes)
 .ARM.attributes
                0x00000000       0x1d C:/ST/STM32CubeIDE_1.19.0/STM32CubeIDE/plugins/com.st.stm32cube.ide.mcu.externaltools.gnu-tools-for-stm32.13.3.rel1.win32_1.0.0.202411081344/tools/bin/../lib/gcc/arm-none-eabi/13.3.1/thumb/v7-m/nofp/crti.o
 .ARM.attributes
                0x0000001d       0x2d C:/ST/STM32CubeIDE_1.19.0/STM32CubeIDE/plugins/com.st.stm32cube.ide.mcu.externaltools.gnu-tools-for-stm32.13.3.rel1.win32_1.0.0.202411081344/tools/bin/../lib/gcc/arm-none-eabi/13.3.1/thumb/v7-m/nofp/crtbegin.o
 .ARM.attributes
                0x0000004a       0x2d ./Core/Src/BQ76930.o
 .ARM.attributes
                0x00000077       0x2d ./Core/Src/freertos.o
 .ARM.attributes
                0x000000a4       0x2d ./Core/Src/gpio.o
 .ARM.attributes
                0x000000d1       0x2d ./Core/Src/i2c.o
 .ARM.attributes
                0x000000fe       0x2d ./Core/Src/main.o
 .ARM.attributes
                0x0000012b       0x2d ./Core/Src/stm32f1xx_hal_msp.o
 .ARM.attributes
                0x00000158       0x2d ./Core/Src/stm32f1xx_hal_timebase_tim.o
 .ARM.attributes
                0x00000185       0x2d ./Core/Src/stm32f1xx_it.o
 .ARM.attributes
                0x000001b2       0x2d ./Core/Src/syscalls.o
 .ARM.attributes
                0x000001df       0x2d ./Core/Src/sysmem.o
 .ARM.attributes
                0x0000020c       0x2d ./Core/Src/system_stm32f1xx.o
 .ARM.attributes
                0x00000239       0x2d ./Core/Src/usart.o
 .ARM.attributes
                0x00000266       0x21 ./Core/Startup/startup_stm32f103c8tx.o
 .ARM.attributes
                0x00000287       0x2d ./Drivers/STM32F1xx_HAL_Driver/stm32f1xx_hal.o
 .ARM.attributes
                0x000002b4       0x2d ./Drivers/STM32F1xx_HAL_Driver/stm32f1xx_hal_cortex.o
 .ARM.attributes
                0x000002e1       0x2d ./Drivers/STM32F1xx_HAL_Driver/stm32f1xx_hal_gpio.o
 .ARM.attributes
                0x0000030e       0x2d ./Drivers/STM32F1xx_HAL_Driver/stm32f1xx_hal_i2c.o
 .ARM.attributes
                0x0000033b       0x2d ./Drivers/STM32F1xx_HAL_Driver/stm32f1xx_hal_rcc.o
 .ARM.attributes
                0x00000368       0x2d ./Drivers/STM32F1xx_HAL_Driver/stm32f1xx_hal_tim.o
 .ARM.attributes
                0x00000395       0x2d ./Drivers/STM32F1xx_HAL_Driver/stm32f1xx_hal_tim_ex.o
 .ARM.attributes
                0x000003c2       0x2d ./Drivers/STM32F1xx_HAL_Driver/stm32f1xx_hal_uart.o
 .ARM.attributes
                0x000003ef       0x2d ./Middlewares/FreeRTOS/cmsis_os2.o
 .ARM.attributes
                0x0000041c       0x2d ./Middlewares/FreeRTOS/heap_4.o
 .ARM.attributes
                0x00000449       0x2d ./Middlewares/FreeRTOS/list.o
 .ARM.attributes
                0x00000476       0x2d ./Middlewares/FreeRTOS/port.o
 .ARM.attributes
                0x000004a3       0x2d ./Middlewares/FreeRTOS/queue.o
 .ARM.attributes
                0x000004d0       0x2d ./Middlewares/FreeRTOS/tasks.o
 .ARM.attributes
                0x000004fd       0x2d ./Middlewares/FreeRTOS/timers.o
 .ARM.attributes
                0x0000052a       0x2d C:/ST/STM32CubeIDE_1.19.0/STM32CubeIDE/plugins/com.st.stm32cube.ide.mcu.externaltools.gnu-tools-for-stm32.13.3.rel1.win32_1.0.0.202411081344/tools/bin/../lib/gcc/arm-none-eabi/13.3.1/../../../../arm-none-eabi/lib/thumb/v7-m/nofp\libc_nano.a(libc_a-findfp.o)
 .ARM.attributes
                0x00000557       0x2d C:/ST/STM32CubeIDE_1.19.0/STM32CubeIDE/plugins/com.st.stm32cube.ide.mcu.externaltools.gnu-tools-for-stm32.13.3.rel1.win32_1.0.0.202411081344/tools/bin/../lib/gcc/arm-none-eabi/13.3.1/../../../../arm-none-eabi/lib/thumb/v7-m/nofp\libc_nano.a(libc_a-fwalk.o)
 .ARM.attributes
                0x00000584       0x2d C:/ST/STM32CubeIDE_1.19.0/STM32CubeIDE/plugins/com.st.stm32cube.ide.mcu.externaltools.gnu-tools-for-stm32.13.3.rel1.win32_1.0.0.202411081344/tools/bin/../lib/gcc/arm-none-eabi/13.3.1/../../../../arm-none-eabi/lib/thumb/v7-m/nofp\libc_nano.a(libc_a-puts.o)
 .ARM.attributes
                0x000005b1       0x2d C:/ST/STM32CubeIDE_1.19.0/STM32CubeIDE/plugins/com.st.stm32cube.ide.mcu.externaltools.gnu-tools-for-stm32.13.3.rel1.win32_1.0.0.202411081344/tools/bin/../lib/gcc/arm-none-eabi/13.3.1/../../../../arm-none-eabi/lib/thumb/v7-m/nofp\libc_nano.a(libc_a-sprintf.o)
 .ARM.attributes
                0x000005de       0x2d C:/ST/STM32CubeIDE_1.19.0/STM32CubeIDE/plugins/com.st.stm32cube.ide.mcu.externaltools.gnu-tools-for-stm32.13.3.rel1.win32_1.0.0.202411081344/tools/bin/../lib/gcc/arm-none-eabi/13.3.1/../../../../arm-none-eabi/lib/thumb/v7-m/nofp\libc_nano.a(libc_a-stdio.o)
 .ARM.attributes
                0x0000060b       0x2d C:/ST/STM32CubeIDE_1.19.0/STM32CubeIDE/plugins/com.st.stm32cube.ide.mcu.externaltools.gnu-tools-for-stm32.13.3.rel1.win32_1.0.0.202411081344/tools/bin/../lib/gcc/arm-none-eabi/13.3.1/../../../../arm-none-eabi/lib/thumb/v7-m/nofp\libc_nano.a(libc_a-wbuf.o)
 .ARM.attributes
                0x00000638       0x2d C:/ST/STM32CubeIDE_1.19.0/STM32CubeIDE/plugins/com.st.stm32cube.ide.mcu.externaltools.gnu-tools-for-stm32.13.3.rel1.win32_1.0.0.202411081344/tools/bin/../lib/gcc/arm-none-eabi/13.3.1/../../../../arm-none-eabi/lib/thumb/v7-m/nofp\libc_nano.a(libc_a-wsetup.o)
 .ARM.attributes
                0x00000665       0x2d C:/ST/STM32CubeIDE_1.19.0/STM32CubeIDE/plugins/com.st.stm32cube.ide.mcu.externaltools.gnu-tools-for-stm32.13.3.rel1.win32_1.0.0.202411081344/tools/bin/../lib/gcc/arm-none-eabi/13.3.1/../../../../arm-none-eabi/lib/thumb/v7-m/nofp\libc_nano.a(libc_a-memset.o)
 .ARM.attributes
                0x00000692       0x2d C:/ST/STM32CubeIDE_1.19.0/STM32CubeIDE/plugins/com.st.stm32cube.ide.mcu.externaltools.gnu-tools-for-stm32.13.3.rel1.win32_1.0.0.202411081344/tools/bin/../lib/gcc/arm-none-eabi/13.3.1/../../../../arm-none-eabi/lib/thumb/v7-m/nofp\libc_nano.a(libc_a-closer.o)
 .ARM.attributes
                0x000006bf       0x2d C:/ST/STM32CubeIDE_1.19.0/STM32CubeIDE/plugins/com.st.stm32cube.ide.mcu.externaltools.gnu-tools-for-stm32.13.3.rel1.win32_1.0.0.202411081344/tools/bin/../lib/gcc/arm-none-eabi/13.3.1/../../../../arm-none-eabi/lib/thumb/v7-m/nofp\libc_nano.a(libc_a-reent.o)
 .ARM.attributes
                0x000006ec       0x2d C:/ST/STM32CubeIDE_1.19.0/STM32CubeIDE/plugins/com.st.stm32cube.ide.mcu.externaltools.gnu-tools-for-stm32.13.3.rel1.win32_1.0.0.202411081344/tools/bin/../lib/gcc/arm-none-eabi/13.3.1/../../../../arm-none-eabi/lib/thumb/v7-m/nofp\libc_nano.a(libc_a-impure.o)
 .ARM.attributes
                0x00000719       0x2d C:/ST/STM32CubeIDE_1.19.0/STM32CubeIDE/plugins/com.st.stm32cube.ide.mcu.externaltools.gnu-tools-for-stm32.13.3.rel1.win32_1.0.0.202411081344/tools/bin/../lib/gcc/arm-none-eabi/13.3.1/../../../../arm-none-eabi/lib/thumb/v7-m/nofp\libc_nano.a(libc_a-lseekr.o)
 .ARM.attributes
                0x00000746       0x2d C:/ST/STM32CubeIDE_1.19.0/STM32CubeIDE/plugins/com.st.stm32cube.ide.mcu.externaltools.gnu-tools-for-stm32.13.3.rel1.win32_1.0.0.202411081344/tools/bin/../lib/gcc/arm-none-eabi/13.3.1/../../../../arm-none-eabi/lib/thumb/v7-m/nofp\libc_nano.a(libc_a-readr.o)
 .ARM.attributes