../Core/Src/BQ76930.c:928:13:UART_SendString	16	static
../Core/Src/BQ76930.c:23:6:Get_offset	16	static
../Core/Src/BQ76930.c:61:6:WAKE_ALL_DEVICE	8	static
../Core/Src/BQ76930.c:70:6:SHIP_ALL_DEVICE	0	static
../Core/Src/BQ76930.c:102:7:Get_Battery1	16	static
../Core/Src/BQ76930.c:136:6:Get_Battery2	16	static
../Core/Src/BQ76930.c:169:6:Get_Battery3	16	static
../Core/Src/BQ76930.c:200:6:Get_Battery4	16	static
../Core/Src/BQ76930.c:230:6:Get_Battery5	16	static
../Core/Src/BQ76930.c:261:6:Get_Battery6	16	static
../Core/Src/BQ76930.c:292:6:Get_Battery7	16	static
../Core/Src/BQ76930.c:322:6:Get_Battery8	16	static
../Core/Src/BQ76930.c:353:6:Get_Battery9	16	static
../Core/Src/BQ76930.c:383:6:Get_Battery10	16	static
../Core/Src/BQ76930.c:414:6:Get_Battery11	16	static
../Core/Src/BQ76930.c:444:6:Get_Battery12	16	static
../Core/Src/BQ76930.c:474:6:Get_Battery13	16	static
../Core/Src/BQ76930.c:504:6:Get_Battery14	16	static
../Core/Src/BQ76930.c:534:6:Get_Battery15	16	static
../Core/Src/BQ76930.c:567:6:Get_Update_ALL_Data	0	static
../Core/Src/BQ76930.c:589:6:Get_SOC	0	static
../Core/Src/BQ76930.c:636:6:OV_UV_1_PROTECT	8	static
../Core/Src/BQ76930.c:56:6:OV_UV_1_2_PROTECT	0	static
../Core/Src/BQ76930.c:648:6:OCD_SCD_PROTECT	8	static
../Core/Src/BQ76930.c:664:6:BQ_1_config	16	static
../Core/Src/BQ76930.c:50:6:BQ_1_2_config	0	static
../Core/Src/BQ76930.c:38:6:BQ76930_config	8	static
../Core/Src/BQ76930.c:675:6:Battery1_Balance	0	static
../Core/Src/BQ76930.c:680:6:Battery2_Balance	0	static
../Core/Src/BQ76930.c:685:6:Battery5_Balance	0	static
../Core/Src/BQ76930.c:690:6:Battery6_Balance	0	static
../Core/Src/BQ76930.c:695:6:Battery7_Balance	0	static
../Core/Src/BQ76930.c:700:6:Battery10_Balance	0	static
../Core/Src/BQ76930.c:705:6:Battery11_Balance	0	static
../Core/Src/BQ76930.c:709:6:Battery12_Balance	0	static
../Core/Src/BQ76930.c:713:6:Battery15_Balance	0	static
../Core/Src/BQ76930.c:718:6:Stop_Balance	8	static
../Core/Src/BQ76930.c:730:6:BQ_2_config	8	static
../Core/Src/BQ76930.c:743:6:SHIP_1_BQ769	8	static
../Core/Src/BQ76930.c:758:6:WAKE_1_BQ769	8	static
../Core/Src/BQ76930.c:773:7:Get_BQ_Current	16	static
../Core/Src/BQ76930.c:818:7:Get_BQ1_1_Temp	16	static
../Core/Src/BQ76930.c:838:7:Get_BQ1_2_Temp	16	static
../Core/Src/BQ76930.c:861:6:BMS_STA	8	static
../Core/Src/BQ76930.c:874:7:Only_Open_CHG	8	static
../Core/Src/BQ76930.c:883:7:Only_Close_CHG	8	static
../Core/Src/BQ76930.c:894:7:Only_Open_DSG	8	static
../Core/Src/BQ76930.c:904:8:Only_Close_DSG	8	static
../Core/Src/BQ76930.c:915:8:Open_DSG_CHG	0	static
../Core/Src/BQ76930.c:920:7:Close_DSG_CHG	0	static
../Core/Src/BQ76930.c:936:7:Update_val_usart	72	static
../Core/Src/BQ76930.c:987:7:Get_Update_Data	8	static
../Core/Src/BQ76930.c:1019:6:ALERT_1_Recognition	24	static
../Core/Src/BQ76930.c:1037:15:CRC8	20	static
